Archive member included to satisfy reference by file (symbol)

C:\Program Files (x86)\Cypress\PSoC Creator\4.4\PSoC Creator\psoc\content\CyComponentLibrary\CyComponentLibrary.cylib\CapSense_v3_0\Library\CapSense_Library_GCC_M4.a(CapSense_SmartSense_LL.o)
                              .\CortexM4\ARM_GCC_541\Debug\CapSense_Sensing.o (SmartSense_TunePrescalers)
C:\Program Files (x86)\Cypress\PSoC Creator\4.4\PSoC Creator\psoc\content\CyComponentLibrary\CyComponentLibrary.cylib\CapSense_v3_0\Library\CapSense_Library_GCC_M4.a(CapSense_SmartSense_SL.o)
                              .\CortexM4\ARM_GCC_541\Debug\CapSense_Processing.o (SmartSense_UpdateThresholds)
c:/program files (x86)/cypress/psoc creator/4.4/psoc creator/import/gnu/arm/5.4.1/bin/../lib/gcc/arm-none-eabi/5.4.1/armv7e-m/softfp\libgcc.a(_arm_addsubdf3.o)
                              .\CortexM4\ARM_GCC_541\Debug\main_cm4.o (__aeabi_dsub)
c:/program files (x86)/cypress/psoc creator/4.4/psoc creator/import/gnu/arm/5.4.1/bin/../lib/gcc/arm-none-eabi/5.4.1/armv7e-m/softfp\libgcc.a(_arm_muldivdf3.o)
                              .\CortexM4\ARM_GCC_541\Debug\main_cm4.o (__aeabi_dmul)
c:/program files (x86)/cypress/psoc creator/4.4/psoc creator/import/gnu/arm/5.4.1/bin/../lib/gcc/arm-none-eabi/5.4.1/armv7e-m/softfp\libgcc.a(_arm_fixunsdfsi.o)
                              .\CortexM4\ARM_GCC_541\Debug\cy_sysclk.o (__aeabi_d2uiz)
c:/program files (x86)/cypress/psoc creator/4.4/psoc creator/import/gnu/arm/5.4.1/bin/../lib/gcc/arm-none-eabi/5.4.1/armv7e-m/softfp\libgcc.a(_aeabi_uldivmod.o)
                              .\CortexM4\ARM_GCC_541\Debug\cy_sysclk.o (__aeabi_uldivmod)
c:/program files (x86)/cypress/psoc creator/4.4/psoc creator/import/gnu/arm/5.4.1/bin/../lib/gcc/arm-none-eabi/5.4.1/armv7e-m/softfp\libgcc.a(_udivmoddi4.o)
                              c:/program files (x86)/cypress/psoc creator/4.4/psoc creator/import/gnu/arm/5.4.1/bin/../lib/gcc/arm-none-eabi/5.4.1/armv7e-m/softfp\libgcc.a(_aeabi_uldivmod.o) (__udivmoddi4)
c:/program files (x86)/cypress/psoc creator/4.4/psoc creator/import/gnu/arm/5.4.1/bin/../lib/gcc/arm-none-eabi/5.4.1/armv7e-m/softfp\libgcc.a(_dvmd_tls.o)
                              c:/program files (x86)/cypress/psoc creator/4.4/psoc creator/import/gnu/arm/5.4.1/bin/../lib/gcc/arm-none-eabi/5.4.1/armv7e-m/softfp\libgcc.a(_aeabi_uldivmod.o) (__aeabi_ldiv0)
c:/program files (x86)/cypress/psoc creator/4.4/psoc creator/import/gnu/arm/5.4.1/bin/../lib/gcc/arm-none-eabi/5.4.1/../../../../arm-none-eabi/lib/armv7e-m/softfp\libg_nano.a(lib_a-exit.o)
                              c:/program files (x86)/cypress/psoc creator/4.4/psoc creator/import/gnu/arm/5.4.1/bin/../lib/gcc/arm-none-eabi/5.4.1/../../../../arm-none-eabi/lib/armv7e-m/softfp/crt0.o (exit)
c:/program files (x86)/cypress/psoc creator/4.4/psoc creator/import/gnu/arm/5.4.1/bin/../lib/gcc/arm-none-eabi/5.4.1/../../../../arm-none-eabi/lib/armv7e-m/softfp\libg_nano.a(lib_a-impure.o)
                              c:/program files (x86)/cypress/psoc creator/4.4/psoc creator/import/gnu/arm/5.4.1/bin/../lib/gcc/arm-none-eabi/5.4.1/../../../../arm-none-eabi/lib/armv7e-m/softfp\libg_nano.a(lib_a-exit.o) (_global_impure_ptr)
c:/program files (x86)/cypress/psoc creator/4.4/psoc creator/import/gnu/arm/5.4.1/bin/../lib/gcc/arm-none-eabi/5.4.1/../../../../arm-none-eabi/lib/armv7e-m/softfp\libg_nano.a(lib_a-init.o)
                              c:/program files (x86)/cypress/psoc creator/4.4/psoc creator/import/gnu/arm/5.4.1/bin/../lib/gcc/arm-none-eabi/5.4.1/../../../../arm-none-eabi/lib/armv7e-m/softfp/crt0.o (__libc_init_array)
c:/program files (x86)/cypress/psoc creator/4.4/psoc creator/import/gnu/arm/5.4.1/bin/../lib/gcc/arm-none-eabi/5.4.1/../../../../arm-none-eabi/lib/armv7e-m/softfp\libg_nano.a(lib_a-memcpy-stub.o)
                              .\CortexM4\ARM_GCC_541\Debug\queue.o (memcpy)
c:/program files (x86)/cypress/psoc creator/4.4/psoc creator/import/gnu/arm/5.4.1/bin/../lib/gcc/arm-none-eabi/5.4.1/../../../../arm-none-eabi/lib/armv7e-m/softfp\libg_nano.a(lib_a-memset.o)
                              c:/program files (x86)/cypress/psoc creator/4.4/psoc creator/import/gnu/arm/5.4.1/bin/../lib/gcc/arm-none-eabi/5.4.1/../../../../arm-none-eabi/lib/armv7e-m/softfp/crt0.o (memset)
c:/program files (x86)/cypress/psoc creator/4.4/psoc creator/import/gnu/arm/5.4.1/bin/../lib/gcc/arm-none-eabi/5.4.1/../../../../arm-none-eabi/lib/armv7e-m/softfp\libg_nano.a(lib_a-nano-vfprintf_float.o)
                              .\CortexM4\ARM_GCC_541\Debug\retarget.o (_printf_float)
c:/program files (x86)/cypress/psoc creator/4.4/psoc creator/import/gnu/arm/5.4.1/bin/../lib/gcc/arm-none-eabi/5.4.1/../../../../arm-none-eabi/lib/armv7e-m/softfp\libg_nano.a(lib_a-nano-vfprintf_i.o)
[...]
Memory Configuration

Name             Origin             Length             Attributes
ram              0x08024000         0x00023800         xrw
flash            0x10080000         0x00080000         xr
em_eeprom        0x14000000         0x00008000         xr
sflash_user_data 0x16000800         0x00000800         xr
sflash_nar       0x16001a00         0x00000200         xr
sflash_public_key 0x16005a00         0x00000c00         xr
sflash_toc_2     0x16007c00         0x00000200         xr
sflash_rtoc_2    0x16007e00         0x00000200         xr
xip              0x18000000         0x08000000         xr
efuse            0x90700000         0x00100000         r
*default*        0x00000000         0xffffffff

Linker script and memory map

LOAD c:/program files (x86)/cypress/psoc creator/4.4/psoc creator/import/gnu/arm/5.4.1/bin/../lib/gcc/arm-none-eabi/5.4.1/armv7e-m/softfp/crti.o
LOAD c:/program files (x86)/cypress/psoc creator/4.4/psoc creator/import/gnu/arm/5.4.1/bin/../lib/gcc/arm-none-eabi/5.4.1/armv7e-m/softfp/crtbegin.o
LOAD c:/program files (x86)/cypress/psoc creator/4.4/psoc creator/import/gnu/arm/5.4.1/bin/../lib/gcc/arm-none-eabi/5.4.1/../../../../arm-none-eabi/lib/armv7e-m/softfp/crt0.o
START GROUP
LOAD .\CortexM4\ARM_GCC_541\Debug\startup_psoc6_01_cm4.o
LOAD .\CortexM4\ARM_GCC_541\Debug\main_cm4.o
LOAD .\CortexM4\ARM_GCC_541\Debug\system_psoc6_cm4.o
LOAD .\CortexM4\ARM_GCC_541\Debug\bmi160.o
LOAD .\CortexM4\ARM_GCC_541\Debug\stdio_user.o
LOAD .\CortexM4\ARM_GCC_541\Debug\cyfitter_sysint_cfg.o
LOAD .\CortexM4\ARM_GCC_541\Debug\cymetadata.o
LOAD .\CortexM4\ARM_GCC_541\Debug\UART_1.o
LOAD .\CortexM4\ARM_GCC_541\Debug\cy_efuse.o
LOAD .\CortexM4\ARM_GCC_541\Debug\cy_flash.o
LOAD .\CortexM4\ARM_GCC_541\Debug\cy_gpio.o
LOAD .\CortexM4\ARM_GCC_541\Debug\cy_ipc_drv.o
LOAD .\CortexM4\ARM_GCC_541\Debug\cy_ipc_sema.o
LOAD .\CortexM4\ARM_GCC_541\Debug\cy_ipc_pipe.o
LOAD .\CortexM4\ARM_GCC_541\Debug\cy_lvd.o
LOAD .\CortexM4\ARM_GCC_541\Debug\cy_profile.o
LOAD .\CortexM4\ARM_GCC_541\Debug\cy_prot.o
LOAD .\CortexM4\ARM_GCC_541\Debug\cy_scb_common.o
LOAD .\CortexM4\ARM_GCC_541\Debug\cy_scb_i2c.o
LOAD .\CortexM4\ARM_GCC_541\Debug\cy_scb_ezi2c.o
LOAD .\CortexM4\ARM_GCC_541\Debug\cy_scb_spi.o
LOAD .\CortexM4\ARM_GCC_541\Debug\cy_scb_uart.o
LOAD .\CortexM4\ARM_GCC_541\Debug\cy_sysanalog.o
LOAD .\CortexM4\ARM_GCC_541\Debug\cy_sysclk.o
LOAD .\CortexM4\ARM_GCC_541\Debug\cy_sysint.o
LOAD .\CortexM4\ARM_GCC_541\Debug\cy_syslib.o
LOAD .\CortexM4\ARM_GCC_541\Debug\cy_syslib_gcc.o
LOAD .\CortexM4\ARM_GCC_541\Debug\cy_syspm.o
LOAD .\CortexM4\ARM_GCC_541\Debug\cy_systick.o
LOAD .\CortexM4\ARM_GCC_541\Debug\cy_trigmux.o
LOAD .\CortexM4\ARM_GCC_541\Debug\cy_wdt.o
LOAD .\CortexM4\ARM_GCC_541\Debug\cy_device.o
LOAD .\CortexM4\ARM_GCC_541\Debug\cy_ble_clk.o
LOAD .\CortexM4\ARM_GCC_541\Debug\croutine.o
LOAD .\CortexM4\ARM_GCC_541\Debug\event_groups.o
LOAD .\CortexM4\ARM_GCC_541\Debug\list.o
LOAD .\CortexM4\ARM_GCC_541\Debug\queue.o
LOAD .\CortexM4\ARM_GCC_541\Debug\tasks.o
LOAD .\CortexM4\ARM_GCC_541\Debug\timers.o
LOAD .\CortexM4\ARM_GCC_541\Debug\stream_buffer.o
LOAD .\CortexM4\ARM_GCC_541\Debug\port.o
LOAD .\CortexM4\ARM_GCC_541\Debug\heap_4.o
LOAD .\CortexM4\ARM_GCC_541\Debug\retarget.o
LOAD .\CortexM4\ARM_GCC_541\Debug\I2C.o
LOAD .\CortexM4\ARM_GCC_541\Debug\CapSense_Control.o
LOAD .\CortexM4\ARM_GCC_541\Debug\CapSense_Processing.o
LOAD .\CortexM4\ARM_GCC_541\Debug\CapSense_Structure.o
LOAD .\CortexM4\ARM_GCC_541\Debug\CapSense_Tuner.o
LOAD .\CortexM4\ARM_GCC_541\Debug\CapSense_Filter.o
LOAD .\CortexM4\ARM_GCC_541\Debug\CapSense_Sensing.o
LOAD .\CortexM4\ARM_GCC_541\Debug\CapSense_INT.o
LOAD .\CortexM4\ARM_GCC_541\Debug\CapSense_SensingCSD_LL.o
LOAD .\CortexM4\ARM_GCC_541\Debug\CapSense_SensingCSX_LL.o
LOAD .\CortexM4\ARM_GCC_541\Debug\CapSense_Centroid_LL.o
LOAD C:\Program Files (x86)\Cypress\PSoC Creator\4.4\PSoC Creator\psoc\content\CyComponentLibrary\CyComponentLibrary.cylib\CapSense_v3_0\Library\CapSense_Library_GCC_M4.a
END GROUP
START GROUP
LOAD c:/program files (x86)/cypress/psoc creator/4.4/psoc creator/import/gnu/arm/5.4.1/bin/../lib/gcc/arm-none-eabi/5.4.1/armv7e-m/softfp\libgcc.a
LOAD c:/program files (x86)/cypress/psoc creator/4.4/psoc creator/import/gnu/arm/5.4.1/bin/../lib/gcc/arm-none-eabi/5.4.1/../../../../arm-none-eabi/lib/armv7e-m/softfp\libg_nano.a
LOAD c:/program files (x86)/cypress/psoc creator/4.4/psoc creator/import/gnu/arm/5.4.1/bin/../lib/gcc/arm-none-eabi/5.4.1/../../../../arm-none-eabi/lib/armv7e-m/softfp\libc_nano.a
END GROUP
START GROUP
LOAD c:/program files (x86)/cypress/psoc creator/4.4/psoc creator/import/gnu/arm/5.4.1/bin/../lib/gcc/arm-none-eabi/5.4.1/armv7e-m/softfp\libgcc.a
LOAD c:/program files (x86)/cypress/psoc creator/4.4/psoc creator/import/gnu/arm/5.4.1/bin/../lib/gcc/arm-none-eabi/5.4.1/../../../../arm-none-eabi/lib/armv7e-m/softfp\libc_nano.a
END GROUP
LOAD c:/program files (x86)/cypress/psoc creator/4.4/psoc creator/import/gnu/arm/5.4.1/bin/../lib/gcc/arm-none-eabi/5.4.1/armv7e-m/softfp/crtend.o
LOAD c:/program files (x86)/cypress/psoc creator/4.4/psoc creator/import/gnu/arm/5.4.1/bin/../lib/gcc/arm-none-eabi/5.4.1/armv7e-m/softfp/crtn.o
START GROUP
LOAD c:/program files (x86)/cypress/psoc creator/4.4/psoc creator/import/gnu/arm/5.4.1/bin/../lib/gcc/arm-none-eabi/5.4.1/armv7e-m/softfp\libgcc.a
LOAD c:/program files (x86)/cypress/psoc creator/4.4/psoc creator/import/gnu/arm/5.4.1/bin/../lib/gcc/arm-none-eabi/5.4.1/../../../../arm-none-eabi/lib/armv7e-m/softfp\libc.a
LOAD c:/program files (x86)/cypress/psoc creator/4.4/psoc creator/import/gnu/arm/5.4.1/bin/../lib/gcc/arm-none-eabi/5.4.1/../../../../arm-none-eabi/lib/armv7e-m/softfp\libnosys.a
END GROUP
START GROUP
LOAD c:/program files (x86)/cypress/psoc creator/4.4/psoc creator/import/gnu/arm/5.4.1/bin/../lib/gcc/arm-none-eabi/5.4.1/armv7e-m/softfp\libgcc.a
LOAD c:/program files (x86)/cypress/psoc creator/4.4/psoc creator/import/gnu/arm/5.4.1/bin/../lib/gcc/arm-none-eabi/5.4.1/../../../../arm-none-eabi/lib/armv7e-m/softfp\libc.a
LOAD c:/program files (x86)/cypress/psoc creator/4.4/psoc creator/import/gnu/arm/5.4.1/bin/../lib/gcc/arm-none-eabi/5.4.1/../../../../arm-none-eabi/lib/armv7e-m/softfp\libm.a
LOAD c:/program files (x86)/cypress/psoc creator/4.4/psoc creator/import/gnu/arm/5.4.1/bin/../lib/gcc/arm-none-eabi/5.4.1/../../../../arm-none-eabi/lib/armv7e-m/softfp\libnosys.a
END GROUP

.text           0x10080000     0xab90
                0x10080000                . = ALIGN (0x4)
                0x10080000                __Vectors = .
 *(.vectors)
 .vectors       0x10080000      0x28c .\CortexM4\ARM_GCC_541\Debug\startup_psoc6_01_cm4.o
                0x1008028c                . = ALIGN (0x4)
                0x1008028c                __Vectors_End = .
                0x0000028c                __Vectors_Size = (__Vectors_End - __Vectors)
                0x1008028c                __end__ = .
                0x1008028c                . = ALIGN (0x4)
 *(.text*)
 .text          0x1008028c       0x5c c:/program files (x86)/cypress/psoc creator/4.4/psoc creator/import/gnu/arm/5.4.1/bin/../lib/gcc/arm-none-eabi/5.4.1/armv7e-m/softfp/crtbegin.o
 .text          0x100802e8       0x84 .\CortexM4\ARM_GCC_541\Debug\startup_psoc6_01_cm4.o
                0x100802e8                Cy_OnResetUser
                0x100802ea                Reset_Handler
                0x1008034c                cpuss_interrupts_ipc_6_IRQHandler
                0x1008034c                DebugMon_Handler
                0x1008034c                tcpwm_1_interrupts_11_IRQHandler
                0x1008034c                cpuss_interrupts_ipc_0_IRQHandler
                0x1008034c                tcpwm_1_interrupts_15_IRQHandler
                0x1008034c                ioss_interrupts_gpio_13_IRQHandler
                0x1008034c                tcpwm_1_interrupts_13_IRQHandler
                0x1008034c                cpuss_interrupts_dw1_8_IRQHandler
                0x1008034c                tcpwm_0_interrupts_0_IRQHandler
                0x1008034c                cpuss_interrupt_fm_IRQHandler
                0x1008034c                cpuss_interrupts_ipc_7_IRQHandler
                0x1008034c                tcpwm_1_interrupts_14_IRQHandler
                0x1008034c                cpuss_interrupts_dw0_5_IRQHandler
                0x1008034c                tcpwm_1_interrupts_9_IRQHandler
                0x1008034c                cpuss_interrupts_cm0_cti_1_IRQHandler
                0x1008034c                tcpwm_1_interrupts_22_IRQHandler
                0x1008034c                cpuss_interrupts_dw0_4_IRQHandler
                0x1008034c                NMI_Handler
                0x1008034c                cpuss_interrupts_dw1_12_IRQHandler
                0x1008034c                tcpwm_1_interrupts_12_IRQHandler
                0x1008034c                smif_interrupt_IRQHandler
                0x1008034c                tcpwm_1_interrupts_2_IRQHandler
                0x1008034c                cpuss_interrupts_ipc_13_IRQHandler
                0x1008034c                udb_interrupts_11_IRQHandler
                0x1008034c                tcpwm_1_interrupts_18_IRQHandler
                0x1008034c                cpuss_interrupts_dw0_11_IRQHandler
                0x1008034c                tcpwm_0_interrupts_2_IRQHandler
                0x1008034c                cpuss_interrupts_dw0_13_IRQHandler
                0x1008034c                udb_interrupts_2_IRQHandler
                0x1008034c                cpuss_interrupts_dw1_7_IRQHandler
                0x1008034c                ioss_interrupts_gpio_1_IRQHandler
                0x1008034c                ioss_interrupts_gpio_7_IRQHandler
                0x1008034c                scb_5_interrupt_IRQHandler
                0x1008034c                udb_interrupts_6_IRQHandler
                0x1008034c                cpuss_interrupts_fault_1_IRQHandler
                0x1008034c                cpuss_interrupts_ipc_4_IRQHandler
                0x1008034c                cpuss_interrupts_ipc_5_IRQHandler
                0x1008034c                cpuss_interrupts_dw1_10_IRQHandler
                0x1008034c                udb_interrupts_0_IRQHandler
                0x1008034c                tcpwm_1_interrupts_6_IRQHandler
                0x1008034c                scb_4_interrupt_IRQHandler
                0x1008034c                pass_interrupt_dacs_IRQHandler
                0x1008034c                ioss_interrupts_gpio_2_IRQHandler
                0x1008034c                cpuss_interrupts_dw1_9_IRQHandler
                0x1008034c                cpuss_interrupts_dw1_13_IRQHandler
                0x1008034c                scb_2_interrupt_IRQHandler
                0x1008034c                cpuss_interrupts_cm0_cti_0_IRQHandler
                0x1008034c                udb_interrupts_5_IRQHandler
                0x1008034c                srss_interrupt_IRQHandler
                0x1008034c                udb_interrupts_12_IRQHandler
                0x1008034c                scb_0_interrupt_IRQHandler
                0x1008034c                csd_interrupt_IRQHandler
                0x1008034c                udb_interrupts_1_IRQHandler
                0x1008034c                profile_interrupt_IRQHandler
                0x1008034c                tcpwm_1_interrupts_1_IRQHandler
                0x1008034c                cpuss_interrupts_ipc_12_IRQHandler
                0x1008034c                tcpwm_1_interrupts_3_IRQHandler
                0x1008034c                tcpwm_0_interrupts_7_IRQHandler
                0x1008034c                cpuss_interrupts_dw1_1_IRQHandler
                0x1008034c                cpuss_interrupts_dw1_0_IRQHandler
                0x1008034c                cpuss_interrupts_dw0_9_IRQHandler
                0x1008034c                lpcomp_interrupt_IRQHandler
                0x1008034c                tcpwm_1_interrupts_23_IRQHandler
                0x1008034c                udb_interrupts_4_IRQHandler
                0x1008034c                tcpwm_1_interrupts_20_IRQHandler
                0x1008034c                ioss_interrupt_gpio_IRQHandler
                0x1008034c                tcpwm_0_interrupts_1_IRQHandler
                0x1008034c                ioss_interrupts_gpio_8_IRQHandler
                0x1008034c                tcpwm_0_interrupts_6_IRQHandler
                0x1008034c                scb_7_interrupt_IRQHandler
                0x1008034c                tcpwm_1_interrupts_7_IRQHandler
                0x1008034c                cpuss_interrupts_ipc_11_IRQHandler
                0x1008034c                udb_interrupts_13_IRQHandler
                0x1008034c                cpuss_interrupts_dw0_15_IRQHandler
                0x1008034c                udb_interrupts_7_IRQHandler
                0x1008034c                cpuss_interrupts_dw1_6_IRQHandler
                0x1008034c                cpuss_interrupt_crypto_IRQHandler
                0x1008034c                scb_1_interrupt_IRQHandler
                0x1008034c                Default_Handler
                0x1008034c                usb_interrupt_hi_IRQHandler
                0x1008034c                tcpwm_1_interrupts_0_IRQHandler
                0x1008034c                udb_interrupts_9_IRQHandler
                0x1008034c                audioss_interrupt_pdm_IRQHandler
                0x1008034c                srss_interrupt_mcwdt_0_IRQHandler
                0x1008034c                scb_3_interrupt_IRQHandler
                0x1008034c                pass_interrupt_ctbs_IRQHandler
                0x1008034c                udb_interrupts_8_IRQHandler
                0x1008034c                ioss_interrupts_gpio_3_IRQHandler
                0x1008034c                scb_6_interrupt_IRQHandler
                0x1008034c                cpuss_interrupts_cm4_cti_0_IRQHandler
                0x1008034c                cpuss_interrupts_dw1_3_IRQHandler
                0x1008034c                pass_interrupt_sar_IRQHandler
                0x1008034c                ioss_interrupts_gpio_0_IRQHandler
                0x1008034c                ioss_interrupts_gpio_14_IRQHandler
                0x1008034c                tcpwm_0_interrupts_4_IRQHandler
                0x1008034c                udb_interrupts_3_IRQHandler
                0x1008034c                tcpwm_0_interrupts_5_IRQHandler
                0x1008034c                cpuss_interrupts_ipc_15_IRQHandler
                0x1008034c                cpuss_interrupts_cm4_cti_1_IRQHandler
                0x1008034c                scb_8_interrupt_IRQHandler
                0x1008034c                srss_interrupt_mcwdt_1_IRQHandler
                0x1008034c                cpuss_interrupts_dw1_2_IRQHandler
                0x1008034c                cpuss_interrupts_dw1_5_IRQHandler
                0x1008034c                cpuss_interrupts_ipc_1_IRQHandler
                0x1008034c                cpuss_interrupts_dw0_0_IRQHandler
                0x1008034c                ioss_interrupts_gpio_12_IRQHandler
                0x1008034c                cpuss_interrupts_ipc_3_IRQHandler
                0x1008034c                tcpwm_1_interrupts_17_IRQHandler
                0x1008034c                srss_interrupt_backup_IRQHandler
                0x1008034c                bless_interrupt_IRQHandler
                0x1008034c                cpuss_interrupts_ipc_10_IRQHandler
                0x1008034c                cpuss_interrupts_ipc_9_IRQHandler
                0x1008034c                cpuss_interrupts_dw0_14_IRQHandler
                0x1008034c                tcpwm_1_interrupts_4_IRQHandler
                0x1008034c                tcpwm_0_interrupts_3_IRQHandler
                0x1008034c                cpuss_interrupts_dw1_15_IRQHandler
                0x1008034c                ioss_interrupts_gpio_10_IRQHandler
                0x1008034c                udb_interrupts_10_IRQHandler
                0x1008034c                cpuss_interrupts_dw0_8_IRQHandler
                0x1008034c                ioss_interrupts_gpio_11_IRQHandler
                0x1008034c                cpuss_interrupts_ipc_14_IRQHandler
                0x1008034c                ioss_interrupts_gpio_5_IRQHandler
                0x1008034c                ioss_interrupts_gpio_4_IRQHandler
                0x1008034c                tcpwm_1_interrupts_8_IRQHandler
                0x1008034c                cpuss_interrupts_dw1_14_IRQHandler
                0x1008034c                usb_interrupt_med_IRQHandler
                0x1008034c                cpuss_interrupts_dw0_2_IRQHandler
                0x1008034c                tcpwm_1_interrupts_10_IRQHandler
                0x1008034c                cpuss_interrupts_fault_0_IRQHandler
                0x1008034c                cpuss_interrupts_dw0_12_IRQHandler
                0x1008034c                ioss_interrupts_gpio_6_IRQHandler
                0x1008034c                tcpwm_1_interrupts_21_IRQHandler
                0x1008034c                tcpwm_1_interrupts_16_IRQHandler
                0x1008034c                cpuss_interrupts_dw1_4_IRQHandler
                0x1008034c                udb_interrupts_15_IRQHandler
                0x1008034c                cpuss_interrupts_dw1_11_IRQHandler
                0x1008034c                cpuss_interrupts_dw0_6_IRQHandler
                0x1008034c                ioss_interrupt_vdd_IRQHandler
                0x1008034c                cpuss_interrupts_dw0_7_IRQHandler
                0x1008034c                audioss_interrupt_i2s_IRQHandler
                0x1008034c                tcpwm_1_interrupts_5_IRQHandler
                0x1008034c                cpuss_interrupts_ipc_2_IRQHandler
                0x1008034c                cpuss_interrupts_dw0_10_IRQHandler
                0x1008034c                tcpwm_1_interrupts_19_IRQHandler
                0x1008034c                cpuss_interrupts_dw0_1_IRQHandler
                0x1008034c                ioss_interrupts_gpio_9_IRQHandler
                0x1008034c                usb_interrupt_lo_IRQHandler
                0x1008034c                cpuss_interrupts_ipc_8_IRQHandler
                0x1008034c                udb_interrupts_14_IRQHandler
                0x1008034c                cpuss_interrupts_dw0_3_IRQHandler
                0x10080350                UsageFault_Handler
                0x10080350                HardFault_Handler
                0x10080350                MemManage_Handler
                0x10080350                BusFault_Handler
 .text.bmiInit  0x1008036c       0x58 .\CortexM4\ARM_GCC_541\Debug\main_cm4.o
 .text.send_accel_data
                0x100803c4      0x100 .\CortexM4\ARM_GCC_541\Debug\main_cm4.o
                0x100803c4                send_accel_data
 .text.bmi_write
                0x100804c4       0x5c .\CortexM4\ARM_GCC_541\Debug\main_cm4.o
 .text.bmi_read
                0x10080520       0x84 .\CortexM4\ARM_GCC_541\Debug\main_cm4.o
 .text.main     0x100805a4       0x38 .\CortexM4\ARM_GCC_541\Debug\main_cm4.o
                0x100805a4                main
 .text.Cy_SysIpcPipeIsrCm4
                0x100805dc        0xc .\CortexM4\ARM_GCC_541\Debug\system_psoc6_cm4.o
                0x100805dc                Cy_SysIpcPipeIsrCm4
 .text.Cy_SystemInit
                0x100805e8        0x4 .\CortexM4\ARM_GCC_541\Debug\system_psoc6_cm4.o
                0x100805e8                Cy_SystemInit
 .text.SystemCoreClockUpdate
                0x100805ec      0x190 .\CortexM4\ARM_GCC_541\Debug\system_psoc6_cm4.o
                0x100805ec                SystemCoreClockUpdate
 .text.SystemInit
                0x1008077c       0x48 .\CortexM4\ARM_GCC_541\Debug\system_psoc6_cm4.o
                0x1008077c                SystemInit
 .text.Cy_SystemInitFpuEnable
                0x100807c4       0x28 .\CortexM4\ARM_GCC_541\Debug\system_psoc6_cm4.o
                0x100807c4                Cy_SystemInitFpuEnable
 .text.process_accel_odr
                0x100807ec       0x28 .\CortexM4\ARM_GCC_541\Debug\bmi160.o
 .text.process_accel_bw
                0x10080814       0x24 .\CortexM4\ARM_GCC_541\Debug\bmi160.o
 .text.process_accel_range
                0x10080838       0x28 .\CortexM4\ARM_GCC_541\Debug\bmi160.o
 .text.process_gyro_odr
                0x10080860       0x28 .\CortexM4\ARM_GCC_541\Debug\bmi160.o
 .text.process_gyro_bw
                0x10080888       0x20 .\CortexM4\ARM_GCC_541\Debug\bmi160.o
 .text.process_gyro_range
                0x100808a8       0x28 .\CortexM4\ARM_GCC_541\Debug\bmi160.o
 .text.bmi160_get_regs
                0x100808d0       0x7c .\CortexM4\ARM_GCC_541\Debug\bmi160.o
                0x100808d0                bmi160_get_regs
 .text.check_accel_config
                0x1008094c       0x3c .\CortexM4\ARM_GCC_541\Debug\bmi160.o
 .text.check_gyro_config
                0x10080988       0x3c .\CortexM4\ARM_GCC_541\Debug\bmi160.o
 .text.check_invalid_settg
                0x100809c4       0x4c .\CortexM4\ARM_GCC_541\Debug\bmi160.o
 .text.get_accel_data
                0x10080a10       0x80 .\CortexM4\ARM_GCC_541\Debug\bmi160.o
 .text.get_gyro_data
                0x10080a90       0xc4 .\CortexM4\ARM_GCC_541\Debug\bmi160.o
 .text.get_accel_gyro_data
                0x10080b54       0xb8 .\CortexM4\ARM_GCC_541\Debug\bmi160.o
 .text.bmi160_set_regs
                0x10080c0c       0x90 .\CortexM4\ARM_GCC_541\Debug\bmi160.o
                0x10080c0c                bmi160_set_regs
 .text.set_accel_conf
                0x10080c9c       0x4c .\CortexM4\ARM_GCC_541\Debug\bmi160.o
 .text.set_gyro_conf
                0x10080ce8       0x4c .\CortexM4\ARM_GCC_541\Debug\bmi160.o
 .text.process_under_sampling
                0x10080d34       0x70 .\CortexM4\ARM_GCC_541\Debug\bmi160.o
 .text.set_accel_pwr
                0x10080da4       0x5c .\CortexM4\ARM_GCC_541\Debug\bmi160.o
 .text.set_gyro_pwr
                0x10080e00       0x5c .\CortexM4\ARM_GCC_541\Debug\bmi160.o
 .text.bmi160_set_power_mode
                0x10080e5c       0x30 .\CortexM4\ARM_GCC_541\Debug\bmi160.o
                0x10080e5c                bmi160_set_power_mode
 .text.bmi160_set_sens_conf
                0x10080e8c       0x44 .\CortexM4\ARM_GCC_541\Debug\bmi160.o
                0x10080e8c                bmi160_set_sens_conf
 .text.bmi160_get_sensor_data
                0x10080ed0       0x68 .\CortexM4\ARM_GCC_541\Debug\bmi160.o
                0x10080ed0                bmi160_get_sensor_data
 .text.STDIO_PutChar
                0x10080f38       0x18 .\CortexM4\ARM_GCC_541\Debug\stdio_user.o
                0x10080f38                STDIO_PutChar
 .text.STDIO_GetChar
                0x10080f50       0x1c .\CortexM4\ARM_GCC_541\Debug\stdio_user.o
                0x10080f50                STDIO_GetChar
 .text.UART_1_Interrupt
                0x10080f6c       0x14 .\CortexM4\ARM_GCC_541\Debug\UART_1.o
 .text.UART_1_Start
                0x10080f80       0x64 .\CortexM4\ARM_GCC_541\Debug\UART_1.o
                0x10080f80                UART_1_Start
 .text.Cy_Flash_ProcessOpcode
                0x10080fe4       0xac .\CortexM4\ARM_GCC_541\Debug\cy_flash.o
 .text.Cy_Flash_OperationStatus
                0x10081090       0x5c .\CortexM4\ARM_GCC_541\Debug\cy_flash.o
 .text.Cy_Flash_InitExt
                0x100810ec       0x80 .\CortexM4\ARM_GCC_541\Debug\cy_flash.o
                0x100810ec                Cy_Flash_InitExt
 .text.Cy_Flash_Init
                0x1008116c       0x10 .\CortexM4\ARM_GCC_541\Debug\cy_flash.o
                0x1008116c                Cy_Flash_Init
 .text.Cy_GPIO_Pin_FastInit
                0x1008117c       0xf8 .\CortexM4\ARM_GCC_541\Debug\cy_gpio.o
                0x1008117c                Cy_GPIO_Pin_FastInit
 .text.Cy_IPC_Drv_LockRelease
                0x10081274       0x3c .\CortexM4\ARM_GCC_541\Debug\cy_ipc_drv.o
                0x10081274                Cy_IPC_Drv_LockRelease
 .text.Cy_IPC_Drv_SendMsgWord
                0x100812b0       0x3c .\CortexM4\ARM_GCC_541\Debug\cy_ipc_drv.o
                0x100812b0                Cy_IPC_Drv_SendMsgWord
 .text.Cy_IPC_Drv_ReadMsgWord
                0x100812ec       0x38 .\CortexM4\ARM_GCC_541\Debug\cy_ipc_drv.o
                0x100812ec                Cy_IPC_Drv_ReadMsgWord
 .text.Cy_IPC_Sema_InitExt
                0x10081324       0xac .\CortexM4\ARM_GCC_541\Debug\cy_ipc_sema.o
                0x10081324                Cy_IPC_Sema_InitExt
 .text.Cy_IPC_Sema_Init
                0x100813d0       0x64 .\CortexM4\ARM_GCC_541\Debug\cy_ipc_sema.o
                0x100813d0                Cy_IPC_Sema_Init
 .text.Cy_IPC_Sema_Clear
                0x10081434       0x88 .\CortexM4\ARM_GCC_541\Debug\cy_ipc_sema.o
                0x10081434                Cy_IPC_Sema_Clear
 .text.Cy_IPC_Sema_Status
                0x100814bc       0x40 .\CortexM4\ARM_GCC_541\Debug\cy_ipc_sema.o
                0x100814bc                Cy_IPC_Sema_Status
 .text.Cy_IPC_Pipe_Config
                0x100814fc       0x10 .\CortexM4\ARM_GCC_541\Debug\cy_ipc_pipe.o
                0x100814fc                Cy_IPC_Pipe_Config
 .text.Cy_IPC_Pipe_EndpointInit
                0x1008150c       0xd0 .\CortexM4\ARM_GCC_541\Debug\cy_ipc_pipe.o
                0x1008150c                Cy_IPC_Pipe_EndpointInit
 .text.Cy_IPC_Pipe_Init
                0x100815dc       0xb4 .\CortexM4\ARM_GCC_541\Debug\cy_ipc_pipe.o
                0x100815dc                Cy_IPC_Pipe_Init
 .text.Cy_IPC_Pipe_SendMessage
                0x10081690       0xa4 .\CortexM4\ARM_GCC_541\Debug\cy_ipc_pipe.o
                0x10081690                Cy_IPC_Pipe_SendMessage
 .text.Cy_IPC_Pipe_RegisterCallback
                0x10081734       0x50 .\CortexM4\ARM_GCC_541\Debug\cy_ipc_pipe.o
                0x10081734                Cy_IPC_Pipe_RegisterCallback
 .text.Cy_IPC_Pipe_ExecCallback
                0x10081784       0xbc .\CortexM4\ARM_GCC_541\Debug\cy_ipc_pipe.o
                0x10081784                Cy_IPC_Pipe_ExecCallback
 .text.Cy_IPC_Pipe_ExecuteCallback
                0x10081840       0x2c .\CortexM4\ARM_GCC_541\Debug\cy_ipc_pipe.o
                0x10081840                Cy_IPC_Pipe_ExecuteCallback
 .text.Cy_SCB_ReadArrayNoCheck
                0x1008186c       0x38 .\CortexM4\ARM_GCC_541\Debug\cy_scb_common.o
                0x1008186c                Cy_SCB_ReadArrayNoCheck
 .text.Cy_SCB_ReadArray
                0x100818a4       0x1c .\CortexM4\ARM_GCC_541\Debug\cy_scb_common.o
                0x100818a4                Cy_SCB_ReadArray
 .text.Cy_SCB_Write
                0x100818c0       0x28 .\CortexM4\ARM_GCC_541\Debug\cy_scb_common.o
                0x100818c0                Cy_SCB_Write
 .text.Cy_SCB_WriteArrayNoCheck
                0x100818e8       0x38 .\CortexM4\ARM_GCC_541\Debug\cy_scb_common.o
                0x100818e8                Cy_SCB_WriteArrayNoCheck
 .text.Cy_SCB_WriteArray
                0x10081920       0x2c .\CortexM4\ARM_GCC_541\Debug\cy_scb_common.o
                0x10081920                Cy_SCB_WriteArray
 .text.Cy_SCB_WriteDefaultArrayNoCheck
                0x1008194c       0x10 .\CortexM4\ARM_GCC_541\Debug\cy_scb_common.o
                0x1008194c                Cy_SCB_WriteDefaultArrayNoCheck
 .text.Cy_SCB_WriteDefaultArray
                0x1008195c       0x2c .\CortexM4\ARM_GCC_541\Debug\cy_scb_common.o
                0x1008195c                Cy_SCB_WriteDefaultArray
 .text.SlaveHandleStop
                0x10081988       0xec .\CortexM4\ARM_GCC_541\Debug\cy_scb_i2c.o
 .text.MasterHandleEvents
                0x10081a74       0x74 .\CortexM4\ARM_GCC_541\Debug\cy_scb_i2c.o
 .text.MasterHandleStop
                0x10081ae8       0x2c .\CortexM4\ARM_GCC_541\Debug\cy_scb_i2c.o
 .text.MasterHandleComplete
                0x10081b14       0xf4 .\CortexM4\ARM_GCC_541\Debug\cy_scb_i2c.o
 .text.HandleStatus
                0x10081c08       0xf0 .\CortexM4\ARM_GCC_541\Debug\cy_scb_i2c.o
 .text.WaitOneUnit
                0x10081cf8       0x24 .\CortexM4\ARM_GCC_541\Debug\cy_scb_i2c.o
 .text.SlaveHandleDataTransmit
                0x10081d1c       0xe8 .\CortexM4\ARM_GCC_541\Debug\cy_scb_i2c.o
 .text.MasterHandleDataTransmit
                0x10081e04       0xb8 .\CortexM4\ARM_GCC_541\Debug\cy_scb_i2c.o
 .text.SlaveHandleAddress
                0x10081ebc      0x158 .\CortexM4\ARM_GCC_541\Debug\cy_scb_i2c.o
 .text.MasterHandleDataReceive
                0x10082014       0xf0 .\CortexM4\ARM_GCC_541\Debug\cy_scb_i2c.o
 .text.SlaveHandleDataReceive
                0x10082104       0xbc .\CortexM4\ARM_GCC_541\Debug\cy_scb_i2c.o
 .text.Cy_SCB_I2C_Init
                0x100821c0      0x18c .\CortexM4\ARM_GCC_541\Debug\cy_scb_i2c.o
                0x100821c0                Cy_SCB_I2C_Init
 .text.Cy_SCB_I2C_GetDataRate
                0x1008234c       0x90 .\CortexM4\ARM_GCC_541\Debug\cy_scb_i2c.o
                0x1008234c                Cy_SCB_I2C_GetDataRate
 .text.Cy_SCB_I2C_SetDataRate
                0x100823dc      0x1d0 .\CortexM4\ARM_GCC_541\Debug\cy_scb_i2c.o
                0x100823dc                Cy_SCB_I2C_SetDataRate
 .text.Cy_SCB_I2C_MasterSendStart
                0x100825ac       0xf0 .\CortexM4\ARM_GCC_541\Debug\cy_scb_i2c.o
                0x100825ac                Cy_SCB_I2C_MasterSendStart
 .text.Cy_SCB_I2C_MasterSendReStart
                0x1008269c       0xd4 .\CortexM4\ARM_GCC_541\Debug\cy_scb_i2c.o
                0x1008269c                Cy_SCB_I2C_MasterSendReStart
 .text.Cy_SCB_I2C_MasterSendStop
                0x10082770       0x64 .\CortexM4\ARM_GCC_541\Debug\cy_scb_i2c.o
                0x10082770                Cy_SCB_I2C_MasterSendStop
 .text.Cy_SCB_I2C_MasterReadByte
                0x100827d4       0xb4 .\CortexM4\ARM_GCC_541\Debug\cy_scb_i2c.o
                0x100827d4                Cy_SCB_I2C_MasterReadByte
 .text.Cy_SCB_I2C_MasterWriteByte
                0x10082888       0x68 .\CortexM4\ARM_GCC_541\Debug\cy_scb_i2c.o
                0x10082888                Cy_SCB_I2C_MasterWriteByte
 .text.Cy_SCB_I2C_SlaveInterrupt
                0x100828f0       0xe4 .\CortexM4\ARM_GCC_541\Debug\cy_scb_i2c.o
                0x100828f0                Cy_SCB_I2C_SlaveInterrupt
 .text.Cy_SCB_I2C_MasterInterrupt
                0x100829d4       0x8c .\CortexM4\ARM_GCC_541\Debug\cy_scb_i2c.o
                0x100829d4                Cy_SCB_I2C_MasterInterrupt
 .text.Cy_SCB_I2C_Interrupt
                0x10082a60       0x18 .\CortexM4\ARM_GCC_541\Debug\cy_scb_i2c.o
                0x10082a60                Cy_SCB_I2C_Interrupt
 .text.HandleDataTransmit
                0x10082a78       0xdc .\CortexM4\ARM_GCC_541\Debug\cy_scb_uart.o
 .text.HandleDataReceive
                0x10082b54       0xf8 .\CortexM4\ARM_GCC_541\Debug\cy_scb_uart.o
 .text.Cy_SCB_UART_Init
                0x10082c4c      0x364 .\CortexM4\ARM_GCC_541\Debug\cy_scb_uart.o
                0x10082c4c                Cy_SCB_UART_Init
 .text.Cy_SCB_UART_GetNumInRingBuffer
                0x10082fb0       0x18 .\CortexM4\ARM_GCC_541\Debug\cy_scb_uart.o
                0x10082fb0                Cy_SCB_UART_GetNumInRingBuffer
 .text.HandleRingBuffer
                0x10082fc8       0xcc .\CortexM4\ARM_GCC_541\Debug\cy_scb_uart.o
 .text.Cy_SCB_UART_Interrupt
                0x10083094       0xe8 .\CortexM4\ARM_GCC_541\Debug\cy_scb_uart.o
                0x10083094                Cy_SCB_UART_Interrupt
 .text.Cy_SysInt_SetVector
                0x1008317c       0x48 .\CortexM4\ARM_GCC_541\Debug\cy_sysint.o
                0x1008317c                Cy_SysInt_SetVector
 .text.Cy_SysInt_Init
                0x100831c4       0x74 .\CortexM4\ARM_GCC_541\Debug\cy_sysint.o
                0x100831c4                Cy_SysInt_Init
 .text.Cy_SysLib_DelayUs
                0x10083238       0x14 .\CortexM4\ARM_GCC_541\Debug\cy_syslib.o
                0x10083238                Cy_SysLib_DelayUs
 .text.Cy_SysLib_Halt
                0x1008324c        0x4 .\CortexM4\ARM_GCC_541\Debug\cy_syslib.o
                0x1008324c                Cy_SysLib_Halt
 .text.Cy_SysLib_AssertFailed
                0x10083250       0x1c .\CortexM4\ARM_GCC_541\Debug\cy_syslib.o
                0x10083250                Cy_SysLib_AssertFailed
 .text.Cy_SysLib_ProcessingFault
                0x1008326c        0x4 .\CortexM4\ARM_GCC_541\Debug\cy_syslib.o
                0x1008326c                Cy_SysLib_ProcessingFault
 .text.Cy_SysLib_FaultHandler
                0x10083270       0xa4 .\CortexM4\ARM_GCC_541\Debug\cy_syslib.o
                0x10083270                Cy_SysLib_FaultHandler
 *fill*         0x10083314        0x4 
 .text          0x10083318       0x20 .\CortexM4\ARM_GCC_541\Debug\cy_syslib_gcc.o
                0x10083318                Cy_SysLib_DelayCycles
                0x1008332a                Cy_SysLib_EnterCriticalSection
                0x10083332                Cy_SysLib_ExitCriticalSection
 .text.Cy_PDL_Init
                0x10083338        0xc .\CortexM4\ARM_GCC_541\Debug\cy_device.o
                0x10083338                Cy_PDL_Init
 .text.vListInitialise
                0x10083344       0x18 .\CortexM4\ARM_GCC_541\Debug\list.o
                0x10083344                vListInitialise
 .text.vListInitialiseItem
                0x1008335c        0x8 .\CortexM4\ARM_GCC_541\Debug\list.o
                0x1008335c                vListInitialiseItem
 .text.vListInsertEnd
                0x10083364       0x18 .\CortexM4\ARM_GCC_541\Debug\list.o
                0x10083364                vListInsertEnd
 .text.vListInsert
                0x1008337c       0x34 .\CortexM4\ARM_GCC_541\Debug\list.o
                0x1008337c                vListInsert
 .text.uxListRemove
                0x100833b0       0x28 .\CortexM4\ARM_GCC_541\Debug\list.o
                0x100833b0                uxListRemove
 .text.prvIsQueueFull
                0x100833d8       0x20 .\CortexM4\ARM_GCC_541\Debug\queue.o
 .text.prvIsQueueEmpty
                0x100833f8       0x1c .\CortexM4\ARM_GCC_541\Debug\queue.o
 .text.prvCopyDataToQueue
                0x10083414       0x54 .\CortexM4\ARM_GCC_541\Debug\queue.o
 .text.prvCopyDataFromQueue
                0x10083468       0x24 .\CortexM4\ARM_GCC_541\Debug\queue.o
 .text.prvUnlockQueue
                0x1008348c       0x68 .\CortexM4\ARM_GCC_541\Debug\queue.o
 .text.xQueueGenericReset
                0x100834f4       0x80 .\CortexM4\ARM_GCC_541\Debug\queue.o
                0x100834f4                xQueueGenericReset
 .text.prvInitialiseNewQueue
                0x10083574       0x1c .\CortexM4\ARM_GCC_541\Debug\queue.o
 .text.xQueueGenericCreate
                0x10083590       0x4c .\CortexM4\ARM_GCC_541\Debug\queue.o
                0x10083590                xQueueGenericCreate
 .text.xQueueGenericSend
                0x100835dc      0x190 .\CortexM4\ARM_GCC_541\Debug\queue.o
                0x100835dc                xQueueGenericSend
 .text.xQueueGenericSendFromISR
                0x1008376c       0xe4 .\CortexM4\ARM_GCC_541\Debug\queue.o
                0x1008376c                xQueueGenericSendFromISR
 .text.xQueueReceive
                0x10083850      0x158 .\CortexM4\ARM_GCC_541\Debug\queue.o
                0x10083850                xQueueReceive
 .text.vQueueAddToRegistry
                0x100839a8       0x28 .\CortexM4\ARM_GCC_541\Debug\queue.o
                0x100839a8                vQueueAddToRegistry
 .text.vQueueWaitForMessageRestricted
                0x100839d0       0x4c .\CortexM4\ARM_GCC_541\Debug\queue.o
                0x100839d0                vQueueWaitForMessageRestricted
 .text.prvResetNextTaskUnblockTime
                0x10083a1c       0x2c .\CortexM4\ARM_GCC_541\Debug\tasks.o
 .text.prvDeleteTCB
                0x10083a48       0x14 .\CortexM4\ARM_GCC_541\Debug\tasks.o
 .text.prvInitialiseNewTask
                0x10083a5c       0xa0 .\CortexM4\ARM_GCC_541\Debug\tasks.o
 .text.prvInitialiseTaskLists
                0x10083afc       0x58 .\CortexM4\ARM_GCC_541\Debug\tasks.o
 .text.prvAddNewTaskToReadyList
                0x10083b54       0xac .\CortexM4\ARM_GCC_541\Debug\tasks.o
 .text.prvCheckTasksWaitingTermination
                0x10083c00       0x44 .\CortexM4\ARM_GCC_541\Debug\tasks.o
 .text.prvIdleTask
                0x10083c44       0x28 .\CortexM4\ARM_GCC_541\Debug\tasks.o
 .text.prvAddCurrentTaskToDelayedList
                0x10083c6c       0x68 .\CortexM4\ARM_GCC_541\Debug\tasks.o
 .text.xTaskCreate
                0x10083cd4       0x64 .\CortexM4\ARM_GCC_541\Debug\tasks.o
                0x10083cd4                xTaskCreate
 .text.vTaskStartScheduler
                0x10083d38       0x7c .\CortexM4\ARM_GCC_541\Debug\tasks.o
                0x10083d38                vTaskStartScheduler
 .text.vTaskSuspendAll
                0x10083db4       0x14 .\CortexM4\ARM_GCC_541\Debug\tasks.o
                0x10083db4                vTaskSuspendAll
 .text.xTaskGetTickCount
                0x10083dc8        0xc .\CortexM4\ARM_GCC_541\Debug\tasks.o
                0x10083dc8                xTaskGetTickCount
 .text.xTaskIncrementTick
                0x10083dd4       0xfc .\CortexM4\ARM_GCC_541\Debug\tasks.o
                0x10083dd4                xTaskIncrementTick
 .text.xTaskResumeAll
                0x10083ed0       0xf0 .\CortexM4\ARM_GCC_541\Debug\tasks.o
                0x10083ed0                xTaskResumeAll
 .text.vTaskDelay
                0x10083fc0       0x50 .\CortexM4\ARM_GCC_541\Debug\tasks.o
                0x10083fc0                vTaskDelay
 .text.vTaskSwitchContext
                0x10084010       0xc8 .\CortexM4\ARM_GCC_541\Debug\tasks.o
                0x10084010                vTaskSwitchContext
 .text.vTaskPlaceOnEventList
                0x100840d8       0x34 .\CortexM4\ARM_GCC_541\Debug\tasks.o
                0x100840d8                vTaskPlaceOnEventList
 .text.vTaskPlaceOnEventListRestricted
                0x1008410c       0x3c .\CortexM4\ARM_GCC_541\Debug\tasks.o
                0x1008410c                vTaskPlaceOnEventListRestricted
 .text.xTaskRemoveFromEventList
                0x10084148       0x88 .\CortexM4\ARM_GCC_541\Debug\tasks.o
                0x10084148                xTaskRemoveFromEventList
 .text.vTaskInternalSetTimeOutState
                0x100841d0       0x14 .\CortexM4\ARM_GCC_541\Debug\tasks.o
                0x100841d0                vTaskInternalSetTimeOutState
 .text.xTaskCheckForTimeOut
                0x100841e4       0x80 .\CortexM4\ARM_GCC_541\Debug\tasks.o
                0x100841e4                xTaskCheckForTimeOut
 .text.vTaskMissedYield
                0x10084264       0x10 .\CortexM4\ARM_GCC_541\Debug\tasks.o
                0x10084264                vTaskMissedYield
 .text.xTaskGetSchedulerState
                0x10084274       0x20 .\CortexM4\ARM_GCC_541\Debug\tasks.o
                0x10084274                xTaskGetSchedulerState
 .text.prvGetNextExpireTime
                0x10084294       0x20 .\CortexM4\ARM_GCC_541\Debug\timers.o
 .text.prvInsertTimerInActiveList
                0x100842b4       0x44 .\CortexM4\ARM_GCC_541\Debug\timers.o
 .text.prvCheckForValidListAndQueue
                0x100842f8       0x48 .\CortexM4\ARM_GCC_541\Debug\timers.o
 .text.xTimerCreateTimerTask
                0x10084340       0x50 .\CortexM4\ARM_GCC_541\Debug\timers.o
                0x10084340                xTimerCreateTimerTask
 .text.xTimerGenericCommand
                0x10084390       0x6c .\CortexM4\ARM_GCC_541\Debug\timers.o
                0x10084390                xTimerGenericCommand
 .text.prvSwitchTimerLists
                0x100843fc       0x74 .\CortexM4\ARM_GCC_541\Debug\timers.o
 .text.prvSampleTimeNow
                0x10084470       0x2c .\CortexM4\ARM_GCC_541\Debug\timers.o
 .text.prvProcessExpiredTimer
                0x1008449c       0x5c .\CortexM4\ARM_GCC_541\Debug\timers.o
 .text.prvProcessTimerOrBlockTask
                0x100844f8       0x70 .\CortexM4\ARM_GCC_541\Debug\timers.o
 .text.prvProcessReceivedCommands
                0x10084568       0xbc .\CortexM4\ARM_GCC_541\Debug\timers.o
 .text.prvTimerTask
                0x10084624       0x18 .\CortexM4\ARM_GCC_541\Debug\timers.o
 .text.prvTaskExitError
                0x1008463c       0x40 .\CortexM4\ARM_GCC_541\Debug\port.o
 .text.prvPortStartFirstTask
                0x1008467c       0x28 .\CortexM4\ARM_GCC_541\Debug\port.o
 .text.vPortEnableVFP
                0x100846a4       0x14 .\CortexM4\ARM_GCC_541\Debug\port.o
 .text.pxPortInitialiseStack
                0x100846b8       0x2c .\CortexM4\ARM_GCC_541\Debug\port.o
                0x100846b8                pxPortInitialiseStack
 *fill*         0x100846e4        0xc 
 .text.SVC_Handler
                0x100846f0       0x24 .\CortexM4\ARM_GCC_541\Debug\port.o
                0x100846f0                SVC_Handler
 .text.vPortEnterCritical
                0x10084714       0x44 .\CortexM4\ARM_GCC_541\Debug\port.o
                0x10084714                vPortEnterCritical
 .text.vPortExitCritical
                0x10084758       0x2c .\CortexM4\ARM_GCC_541\Debug\port.o
                0x10084758                vPortExitCritical
 *fill*         0x10084784        0xc 
 .text.PendSV_Handler
                0x10084790       0x64 .\CortexM4\ARM_GCC_541\Debug\port.o
                0x10084790                PendSV_Handler
 .text.SysTick_Handler
                0x100847f4       0x2c .\CortexM4\ARM_GCC_541\Debug\port.o
                0x100847f4                SysTick_Handler
 .text.vPortSetupTimerInterrupt
                0x10084820       0x38 .\CortexM4\ARM_GCC_541\Debug\port.o
                0x10084820                vPortSetupTimerInterrupt
 .text.xPortStartScheduler
                0x10084858       0xc4 .\CortexM4\ARM_GCC_541\Debug\port.o
                0x10084858                xPortStartScheduler
 .text.vPortValidateInterruptPriority
                0x1008491c       0x58 .\CortexM4\ARM_GCC_541\Debug\port.o
                0x1008491c                vPortValidateInterruptPriority
 .text.vApplicationStackOverflowHook
                0x10084974       0x24 .\CortexM4\ARM_GCC_541\Debug\port.o
                0x10084974                vApplicationStackOverflowHook
 .text.prvHeapInit
                0x10084998       0x58 .\CortexM4\ARM_GCC_541\Debug\heap_4.o
 .text.prvInsertBlockIntoFreeList
                0x100849f0       0x58 .\CortexM4\ARM_GCC_541\Debug\heap_4.o
 .text.pvPortMalloc
                0x10084a48      0x10c .\CortexM4\ARM_GCC_541\Debug\heap_4.o
                0x10084a48                pvPortMalloc
 .text.vPortFree
                0x10084b54       0x78 .\CortexM4\ARM_GCC_541\Debug\heap_4.o
                0x10084b54                vPortFree
 .text._write   0x10084bcc       0x24 .\CortexM4\ARM_GCC_541\Debug\retarget.o
                0x10084bcc                _write
 .text._read    0x10084bf0       0x2c .\CortexM4\ARM_GCC_541\Debug\retarget.o
                0x10084bf0                _read
 .text.I2C_Interrupt
                0x10084c1c       0x14 .\CortexM4\ARM_GCC_541\Debug\I2C.o
 .text.I2C_Start
                0x10084c30       0x78 .\CortexM4\ARM_GCC_541\Debug\I2C.o
                0x10084c30                I2C_Start
 .text.CapSense_Initialize
                0x10084ca8       0x24 .\CortexM4\ARM_GCC_541\Debug\CapSense_Control.o
                0x10084ca8                CapSense_Initialize
 .text.CapSense_Start
                0x10084ccc       0x34 .\CortexM4\ARM_GCC_541\Debug\CapSense_Control.o
                0x10084ccc                CapSense_Start
 .text.CapSense_ProcessAllWidgets
                0x10084d00       0x74 .\CortexM4\ARM_GCC_541\Debug\CapSense_Control.o
                0x10084d00                CapSense_ProcessAllWidgets
 .text.CapSense_DpInitialize
                0x10084d74       0x84 .\CortexM4\ARM_GCC_541\Debug\CapSense_Processing.o
                0x10084d74                CapSense_DpInitialize
 .text.CapSense_DpUpdateThresholds
                0x10084df8       0x34 .\CortexM4\ARM_GCC_541\Debug\CapSense_Processing.o
                0x10084df8                CapSense_DpUpdateThresholds
 .text.CapSense_DpUpdateDifferences
                0x10084e2c       0x18 .\CortexM4\ARM_GCC_541\Debug\CapSense_Processing.o
                0x10084e2c                CapSense_DpUpdateDifferences
 .text.CapSense_DpProcessCsxWidgetRawCounts
                0x10084e44       0x38 .\CortexM4\ARM_GCC_541\Debug\CapSense_Processing.o
                0x10084e44                CapSense_DpProcessCsxWidgetRawCounts
 .text.CapSense_DpProcessCsdWidgetRawCounts
                0x10084e7c       0x54 .\CortexM4\ARM_GCC_541\Debug\CapSense_Processing.o
                0x10084e7c                CapSense_DpProcessCsdWidgetRawCounts
 .text.CapSense_DpProcessButton
                0x10084ed0       0x64 .\CortexM4\ARM_GCC_541\Debug\CapSense_Processing.o
                0x10084ed0                CapSense_DpProcessButton
 .text.CapSense_DpProcessCsxWidgetStatus
                0x10084f34       0x64 .\CortexM4\ARM_GCC_541\Debug\CapSense_Processing.o
                0x10084f34                CapSense_DpProcessCsxWidgetStatus
 .text.CapSense_DpProcessSlider
                0x10084f98       0xcc .\CortexM4\ARM_GCC_541\Debug\CapSense_Processing.o
                0x10084f98                CapSense_DpProcessSlider
 .text.CapSense_DpProcessCsdWidgetStatus
                0x10085064       0x74 .\CortexM4\ARM_GCC_541\Debug\CapSense_Processing.o
                0x10085064                CapSense_DpProcessCsdWidgetStatus
 .text.CapSense_DsInitialize
                0x100850d8       0x7c .\CortexM4\ARM_GCC_541\Debug\CapSense_Structure.o
                0x100850d8                CapSense_DsInitialize
 .text.CapSense_IsWidgetActive
                0x10085154       0x28 .\CortexM4\ARM_GCC_541\Debug\CapSense_Structure.o
                0x10085154                CapSense_IsWidgetActive
 .text.CapSense_GetCentroidPos
                0x1008517c       0x38 .\CortexM4\ARM_GCC_541\Debug\CapSense_Structure.o
                0x1008517c                CapSense_GetCentroidPos
 .text.CapSense_TuInitialize
                0x100851b4       0x14 .\CortexM4\ARM_GCC_541\Debug\CapSense_Tuner.o
                0x100851b4                CapSense_TuInitialize
 .text.CapSense_FtInitializeBaselineChannel
                0x100851c8       0x20 .\CortexM4\ARM_GCC_541\Debug\CapSense_Filter.o
                0x100851c8                CapSense_FtInitializeBaselineChannel
 .text.CapSense_FtInitializeBaseline
                0x100851e8       0x20 .\CortexM4\ARM_GCC_541\Debug\CapSense_Filter.o
                0x100851e8                CapSense_FtInitializeBaseline
 .text.CapSense_InitializeSensorBaseline
                0x10085208       0x20 .\CortexM4\ARM_GCC_541\Debug\CapSense_Filter.o
                0x10085208                CapSense_InitializeSensorBaseline
 .text.CapSense_InitializeWidgetBaseline
                0x10085228       0x28 .\CortexM4\ARM_GCC_541\Debug\CapSense_Filter.o
                0x10085228                CapSense_InitializeWidgetBaseline
 .text.CapSense_InitializeAllBaselines
                0x10085250       0x18 .\CortexM4\ARM_GCC_541\Debug\CapSense_Filter.o
                0x10085250                CapSense_InitializeAllBaselines
 .text.CapSense_InitializeWidgetFilter
                0x10085268       0x48 .\CortexM4\ARM_GCC_541\Debug\CapSense_Filter.o
                0x10085268                CapSense_InitializeWidgetFilter
 .text.CapSense_InitializeAllFilters
                0x100852b0       0x18 .\CortexM4\ARM_GCC_541\Debug\CapSense_Filter.o
                0x100852b0                CapSense_InitializeAllFilters
 .text.CapSense_FtInitialize
                0x100852c8        0x8 .\CortexM4\ARM_GCC_541\Debug\CapSense_Filter.o
                0x100852c8                CapSense_FtInitialize
 .text.CapSense_FtIIR1stOrder
                0x100852d0       0x14 .\CortexM4\ARM_GCC_541\Debug\CapSense_Filter.o
                0x100852d0                CapSense_FtIIR1stOrder
 .text.CapSense_FtUpdateBaseline
                0x100852e4       0xa0 .\CortexM4\ARM_GCC_541\Debug\CapSense_Filter.o
                0x100852e4                CapSense_FtUpdateBaseline
 .text.CapSense_UpdateSensorBaseline
                0x10085384       0x24 .\CortexM4\ARM_GCC_541\Debug\CapSense_Filter.o
                0x10085384                CapSense_UpdateSensorBaseline
 .text.CapSense_UpdateWidgetBaseline
                0x100853a8       0x2c .\CortexM4\ARM_GCC_541\Debug\CapSense_Filter.o
                0x100853a8                CapSense_UpdateWidgetBaseline
 .text.CapSense_UpdateAllBaselines
                0x100853d4       0x1c .\CortexM4\ARM_GCC_541\Debug\CapSense_Filter.o
                0x100853d4                CapSense_UpdateAllBaselines
 .text.CapSense_SsCalcLfsrSize
                0x100853f0       0xb0 .\CortexM4\ARM_GCC_541\Debug\CapSense_Sensing.o
 .text.CapSense_SsCalcLfsrScale
                0x100854a0       0x38 .\CortexM4\ARM_GCC_541\Debug\CapSense_Sensing.o
 .text.CapSense_SsDisableCSXMode
                0x100854d8        0x8 .\CortexM4\ARM_GCC_541\Debug\CapSense_Sensing.o
 .text.CapSense_SsCSDDisableMode
                0x100854e0       0x38 .\CortexM4\ARM_GCC_541\Debug\CapSense_Sensing.o
 .text.CapSense_IsBusy
                0x10085518       0x10 .\CortexM4\ARM_GCC_541\Debug\CapSense_Sensing.o
                0x10085518                CapSense_IsBusy
 .text.CapSense_SetBusyFlags
                0x10085528       0x18 .\CortexM4\ARM_GCC_541\Debug\CapSense_Sensing.o
                0x10085528                CapSense_SetBusyFlags
 .text.CapSense_ClrBusyFlags
                0x10085540       0x18 .\CortexM4\ARM_GCC_541\Debug\CapSense_Sensing.o
                0x10085540                CapSense_ClrBusyFlags
 .text.CapSense_SetupWidget
                0x10085558       0x64 .\CortexM4\ARM_GCC_541\Debug\CapSense_Sensing.o
                0x10085558                CapSense_SetupWidget
 .text.CapSense_Scan
                0x100855bc       0x3c .\CortexM4\ARM_GCC_541\Debug\CapSense_Sensing.o
                0x100855bc                CapSense_Scan
 .text.CapSense_ScanAllWidgets
                0x100855f8       0x54 .\CortexM4\ARM_GCC_541\Debug\CapSense_Sensing.o
                0x100855f8                CapSense_ScanAllWidgets
 .text.CapSense_SsSwitchSensingMode
                0x1008564c       0x50 .\CortexM4\ARM_GCC_541\Debug\CapSense_Sensing.o
                0x1008564c                CapSense_SsSwitchSensingMode
 .text.CapSense_SsSetIOsInDefaultState
                0x1008569c       0x28 .\CortexM4\ARM_GCC_541\Debug\CapSense_Sensing.o
                0x1008569c                CapSense_SsSetIOsInDefaultState
 .text.CapSense_SsPostAllWidgetsScan
                0x100856c4       0x78 .\CortexM4\ARM_GCC_541\Debug\CapSense_Sensing.o
                0x100856c4                CapSense_SsPostAllWidgetsScan
 .text.CapSense_SsIsrInitialize
                0x1008573c       0x58 .\CortexM4\ARM_GCC_541\Debug\CapSense_Sensing.o
                0x1008573c                CapSense_SsIsrInitialize
 .text.CapSense_CalibrateWidget
                0x10085794       0x3c .\CortexM4\ARM_GCC_541\Debug\CapSense_Sensing.o
                0x10085794                CapSense_CalibrateWidget
 .text.CapSense_CalibrateAllWidgets
                0x100857d0       0x1c .\CortexM4\ARM_GCC_541\Debug\CapSense_Sensing.o
                0x100857d0                CapSense_CalibrateAllWidgets
 .text.CapSense_SsClearCSDSensors
                0x100857ec       0x44 .\CortexM4\ARM_GCC_541\Debug\CapSense_Sensing.o
                0x100857ec                CapSense_SsClearCSDSensors
 .text.CapSense_SsCSDGetColSnsClkDivider
                0x10085830       0x14 .\CortexM4\ARM_GCC_541\Debug\CapSense_Sensing.o
                0x10085830                CapSense_SsCSDGetColSnsClkDivider
 .text.CapSense_SsCSDSetColSnsClkDivider
                0x10085844       0x14 .\CortexM4\ARM_GCC_541\Debug\CapSense_Sensing.o
                0x10085844                CapSense_SsCSDSetColSnsClkDivider
 .text.CapSense_SsCSDCalcPrsSize
                0x10085858       0x24 .\CortexM4\ARM_GCC_541\Debug\CapSense_Sensing.o
                0x10085858                CapSense_SsCSDCalcPrsSize
 .text.CapSense_SsSetWidgetSenseClkSrc
                0x1008587c       0x54 .\CortexM4\ARM_GCC_541\Debug\CapSense_Sensing.o
 .text.CapSense_SsAutoTune
                0x100858d0      0x18c .\CortexM4\ARM_GCC_541\Debug\CapSense_Sensing.o
                0x100858d0                CapSense_SsAutoTune
 .text.CapSense_SsInitializeSourceSenseClk
                0x10085a5c       0x64 .\CortexM4\ARM_GCC_541\Debug\CapSense_Sensing.o
                0x10085a5c                CapSense_SsInitializeSourceSenseClk
 .text.CapSense_SsInitialize
                0x10085ac0       0x14 .\CortexM4\ARM_GCC_541\Debug\CapSense_Sensing.o
                0x10085ac0                CapSense_SsInitialize
 .text.CapSense_BistDischargeExtCapacitors
                0x10085ad4       0xc0 .\CortexM4\ARM_GCC_541\Debug\CapSense_Sensing.o
                0x10085ad4                CapSense_BistDischargeExtCapacitors
 .text.CapSense_SsCSDPostScan
                0x10085b94       0x54 .\CortexM4\ARM_GCC_541\Debug\CapSense_INT.o
 .text.CapSense_SsCSDInitNextScan
                0x10085be8       0xa0 .\CortexM4\ARM_GCC_541\Debug\CapSense_INT.o
 .text.CapSense_CSDPostSingleScan
                0x10085c88       0x2c .\CortexM4\ARM_GCC_541\Debug\CapSense_INT.o
                0x10085c88                CapSense_CSDPostSingleScan
 .text.CapSense_CSDPostMultiScan
                0x10085cb4       0x44 .\CortexM4\ARM_GCC_541\Debug\CapSense_INT.o
                0x10085cb4                CapSense_CSDPostMultiScan
 .text.CapSense_SsCSDSetModeSnsClockDivider
                0x10085cf8       0x10 .\CortexM4\ARM_GCC_541\Debug\CapSense_SensingCSD_LL.o
 .text.CapSense_SsCSDSetFilterDelay
                0x10085d08       0x50 .\CortexM4\ARM_GCC_541\Debug\CapSense_SensingCSD_LL.o
 .text.CapSense_SsCSDConfigIDACs
                0x10085d58       0x1c .\CortexM4\ARM_GCC_541\Debug\CapSense_SensingCSD_LL.o
 .text.CapSense_SsCSDSetSingleIdacMode
                0x10085d74       0x28 .\CortexM4\ARM_GCC_541\Debug\CapSense_SensingCSD_LL.o
 .text.CapSense_SsCSDRestoreIdacMode
                0x10085d9c       0x2c .\CortexM4\ARM_GCC_541\Debug\CapSense_SensingCSD_LL.o
 .text.CapSense_SsCSDCalibrateCheck
                0x10085dc8       0x4c .\CortexM4\ARM_GCC_541\Debug\CapSense_SensingCSD_LL.o
 .text.CapSense_SsCSDCmodPrecharge
                0x10085e14       0x6c .\CortexM4\ARM_GCC_541\Debug\CapSense_SensingCSD_LL.o
 .text.CapSense_SsCSDTriggerScan
                0x10085e80       0x98 .\CortexM4\ARM_GCC_541\Debug\CapSense_SensingCSD_LL.o
 .text.CapSense_SsCSDInitialize
                0x10085f18      0x144 .\CortexM4\ARM_GCC_541\Debug\CapSense_SensingCSD_LL.o
                0x10085f18                CapSense_SsCSDInitialize
 .text.CapSense_SsCSDSetUpIdacs
                0x1008605c       0x50 .\CortexM4\ARM_GCC_541\Debug\CapSense_SensingCSD_LL.o
                0x1008605c                CapSense_SsCSDSetUpIdacs
 .text.CapSense_SsCSDGetNumberOfConversions
                0x100860ac       0x30 .\CortexM4\ARM_GCC_541\Debug\CapSense_SensingCSD_LL.o
                0x100860ac                CapSense_SsCSDGetNumberOfConversions
 .text.CapSense_SsCSDConfigClock
                0x100860dc       0x3c .\CortexM4\ARM_GCC_541\Debug\CapSense_SensingCSD_LL.o
                0x100860dc                CapSense_SsCSDConfigClock
 .text.CapSense_SsCSDCalculateScanDuration
                0x10086118       0x18 .\CortexM4\ARM_GCC_541\Debug\CapSense_SensingCSD_LL.o
                0x10086118                CapSense_SsCSDCalculateScanDuration
 .text.CapSense_SsCSDStartSample
                0x10086130       0x44 .\CortexM4\ARM_GCC_541\Debug\CapSense_SensingCSD_LL.o
                0x10086130                CapSense_SsCSDStartSample
 .text.CapSense_CSDScanExt
                0x10086174       0x18 .\CortexM4\ARM_GCC_541\Debug\CapSense_SensingCSD_LL.o
                0x10086174                CapSense_CSDScanExt
 .text.CapSense_CSDConnectSns
                0x1008618c       0xa0 .\CortexM4\ARM_GCC_541\Debug\CapSense_SensingCSD_LL.o
                0x1008618c                CapSense_CSDConnectSns
 .text.CapSense_CSDScan
                0x1008622c       0x6c .\CortexM4\ARM_GCC_541\Debug\CapSense_SensingCSD_LL.o
                0x1008622c                CapSense_CSDScan
 .text.CapSense_SsCSDConnectSensorExt
                0x10086298       0x24 .\CortexM4\ARM_GCC_541\Debug\CapSense_SensingCSD_LL.o
                0x10086298                CapSense_SsCSDConnectSensorExt
 .text.CapSense_CSDDisconnectSns
                0x100862bc       0xac .\CortexM4\ARM_GCC_541\Debug\CapSense_SensingCSD_LL.o
                0x100862bc                CapSense_CSDDisconnectSns
 .text.CapSense_SsCSDElectrodeCheck
                0x10086368       0x24 .\CortexM4\ARM_GCC_541\Debug\CapSense_SensingCSD_LL.o
                0x10086368                CapSense_SsCSDElectrodeCheck
 .text.CapSense_CSDSetupWidget
                0x1008638c       0x58 .\CortexM4\ARM_GCC_541\Debug\CapSense_SensingCSD_LL.o
                0x1008638c                CapSense_CSDSetupWidget
 .text.CapSense_CSDSetupWidgetExt
                0x100863e4       0x64 .\CortexM4\ARM_GCC_541\Debug\CapSense_SensingCSD_LL.o
                0x100863e4                CapSense_CSDSetupWidgetExt
 .text.CapSense_SsCSDCalibrateOneSensor
                0x10086448       0xe4 .\CortexM4\ARM_GCC_541\Debug\CapSense_SensingCSD_LL.o
 .text.CapSense_CSDCalibrateWidget
                0x1008652c      0x114 .\CortexM4\ARM_GCC_541\Debug\CapSense_SensingCSD_LL.o
                0x1008652c                CapSense_CSDCalibrateWidget
 .text.CapSense_SsCalcCsxScanPeriod
                0x10086640       0x10 .\CortexM4\ARM_GCC_541\Debug\CapSense_SensingCSX_LL.o
 .text.CapSense_CSXScanISR
                0x10086650       0xd0 .\CortexM4\ARM_GCC_541\Debug\CapSense_SensingCSX_LL.o
                0x10086650                CapSense_CSXScanISR
 .text.CapSense_SsCSXStartSample
                0x10086720      0x14c .\CortexM4\ARM_GCC_541\Debug\CapSense_SensingCSX_LL.o
 .text.CapSense_CSXInitialize
                0x1008686c      0x160 .\CortexM4\ARM_GCC_541\Debug\CapSense_SensingCSX_LL.o
                0x1008686c                CapSense_CSXInitialize
 .text.CapSense_CSXCalibrateWidget
                0x100869cc       0xcc .\CortexM4\ARM_GCC_541\Debug\CapSense_SensingCSX_LL.o
                0x100869cc                CapSense_CSXCalibrateWidget
 .text.CapSense_CSXConnectTx
                0x10086a98       0xa0 .\CortexM4\ARM_GCC_541\Debug\CapSense_SensingCSX_LL.o
                0x10086a98                CapSense_CSXConnectTx
 .text.CapSense_CSXConnectRx
                0x10086b38       0x9c .\CortexM4\ARM_GCC_541\Debug\CapSense_SensingCSX_LL.o
                0x10086b38                CapSense_CSXConnectRx
 .text.CapSense_CSXScan
                0x10086bd4       0x60 .\CortexM4\ARM_GCC_541\Debug\CapSense_SensingCSX_LL.o
                0x10086bd4                CapSense_CSXScan
 .text.CapSense_CSXDisconnectTx
                0x10086c34       0x64 .\CortexM4\ARM_GCC_541\Debug\CapSense_SensingCSX_LL.o
                0x10086c34                CapSense_CSXDisconnectTx
 .text.CapSense_CSXDisconnectRx
                0x10086c98       0xac .\CortexM4\ARM_GCC_541\Debug\CapSense_SensingCSX_LL.o
                0x10086c98                CapSense_CSXDisconnectRx
 .text.CapSense_SsCSXPostMultiScan
                0x10086d44       0xd0 .\CortexM4\ARM_GCC_541\Debug\CapSense_SensingCSX_LL.o
 .text.CapSense_CSXElectrodeCheck
                0x10086e14       0x24 .\CortexM4\ARM_GCC_541\Debug\CapSense_SensingCSX_LL.o
                0x10086e14                CapSense_CSXElectrodeCheck
 .text.CapSense_CSXSetupWidget
                0x10086e38       0x8c .\CortexM4\ARM_GCC_541\Debug\CapSense_SensingCSX_LL.o
                0x10086e38                CapSense_CSXSetupWidget
 .text.CapSense_SsCSXGetTxClkDivider
                0x10086ec4       0x14 .\CortexM4\ARM_GCC_541\Debug\CapSense_SensingCSX_LL.o
                0x10086ec4                CapSense_SsCSXGetTxClkDivider
 .text.CapSense_DpFindLocalMaxSd
                0x10086ed8       0xd8 .\CortexM4\ARM_GCC_541\Debug\CapSense_Centroid_LL.o
                0x10086ed8                CapSense_DpFindLocalMaxSd
 .text.CapSense_DpCalcLinearCentroid
                0x10086fb0       0x84 .\CortexM4\ARM_GCC_541\Debug\CapSense_Centroid_LL.o
                0x10086fb0                CapSense_DpCalcLinearCentroid
 .text.SmartSense_TunePrescalers
                0x10087034       0x4c C:\Program Files (x86)\Cypress\PSoC Creator\4.4\PSoC Creator\psoc\content\CyComponentLibrary\CyComponentLibrary.cylib\CapSense_v3_0\Library\CapSense_Library_GCC_M4.a(CapSense_SmartSense_LL.o)
                0x10087034                SmartSense_TunePrescalers
 .text.SmartSense_TuneSensitivity
                0x10087080       0x64 C:\Program Files (x86)\Cypress\PSoC Creator\4.4\PSoC Creator\psoc\content\CyComponentLibrary\CyComponentLibrary.cylib\CapSense_v3_0\Library\CapSense_Library_GCC_M4.a(CapSense_SmartSense_LL.o)
                0x10087080                SmartSense_TuneSensitivity
 .text.SmartSense_UpdateThresholds
                0x100870e4       0x38 C:\Program Files (x86)\Cypress\PSoC Creator\4.4\PSoC Creator\psoc\content\CyComponentLibrary\CyComponentLibrary.cylib\CapSense_v3_0\Library\CapSense_Library_GCC_M4.a(CapSense_SmartSense_SL.o)
                0x100870e4                SmartSense_UpdateThresholds
 .text.SmartSense_InitializeNoiseEnvelope
                0x1008711c       0x18 C:\Program Files (x86)\Cypress\PSoC Creator\4.4\PSoC Creator\psoc\content\CyComponentLibrary\CyComponentLibrary.cylib\CapSense_v3_0\Library\CapSense_Library_GCC_M4.a(CapSense_SmartSense_SL.o)
                0x1008711c                SmartSense_InitializeNoiseEnvelope
 .text.SmartSense_RunNoiseEnvelope
                0x10087134       0x8a C:\Program Files (x86)\Cypress\PSoC Creator\4.4\PSoC Creator\psoc\content\CyComponentLibrary\CyComponentLibrary.cylib\CapSense_v3_0\Library\CapSense_Library_GCC_M4.a(CapSense_SmartSense_SL.o)
                0x10087134                SmartSense_RunNoiseEnvelope
 *fill*         0x100871be        0x2 
 .text          0x100871c0      0x370 c:/program files (x86)/cypress/psoc creator/4.4/psoc creator/import/gnu/arm/5.4.1/bin/../lib/gcc/arm-none-eabi/5.4.1/armv7e-m/softfp\libgcc.a(_arm_addsubdf3.o)
                0x100871c0                __aeabi_drsub
                0x100871c8                __aeabi_dsub
                0x100871c8                __subdf3
                0x100871cc                __aeabi_dadd
                0x100871cc                __adddf3
                0x10087444                __floatunsidf
                0x10087444                __aeabi_ui2d
                0x10087464                __floatsidf
                0x10087464                __aeabi_i2d
                0x10087488                __aeabi_f2d
                0x10087488                __extendsfdf2
                0x100874c4                __floatundidf
                0x100874c4                __aeabi_ul2d
                0x100874d4                __floatdidf
                0x100874d4                __aeabi_l2d
 .text          0x10087530      0x424 c:/program files (x86)/cypress/psoc creator/4.4/psoc creator/import/gnu/arm/5.4.1/bin/../lib/gcc/arm-none-eabi/5.4.1/armv7e-m/softfp\libgcc.a(_arm_muldivdf3.o)
                0x10087530                __aeabi_dmul
                0x10087530                __muldf3
                0x10087784                __divdf3
                0x10087784                __aeabi_ddiv
 .text.memcpy   0x10087954       0x16 c:/program files (x86)/cypress/psoc creator/4.4/psoc creator/import/gnu/arm/5.4.1/bin/../lib/gcc/arm-none-eabi/5.4.1/../../../../arm-none-eabi/lib/armv7e-m/softfp\libg_nano.a(lib_a-memcpy-stub.o)
                0x10087954                memcpy
 .text.memset   0x1008796a       0x10 c:/program files (x86)/cypress/psoc creator/4.4/psoc creator/import/gnu/arm/5.4.1/bin/../lib/gcc/arm-none-eabi/5.4.1/../../../../arm-none-eabi/lib/armv7e-m/softfp\libg_nano.a(lib_a-memset.o)
                0x1008796a                memset
 .text.__cvt    0x1008797a       0xc2 c:/program files (x86)/cypress/psoc creator/4.4/psoc creator/import/gnu/arm/5.4.1/bin/../lib/gcc/arm-none-eabi/5.4.1/../../../../arm-none-eabi/lib/armv7e-m/softfp\libg_nano.a(lib_a-nano-vfprintf_float.o)
                0x1008797a                __cvt
 .text.__exponent
                0x10087a3c       0x60 c:/program files (x86)/cypress/psoc creator/4.4/psoc creator/import/gnu/arm/5.4.1/bin/../lib/gcc/arm-none-eabi/5.4.1/../../../../arm-none-eabi/lib/armv7e-m/softfp\libg_nano.a(lib_a-nano-vfprintf_float.o)
                0x10087a3c                __exponent
 .text._printf_float
                0x10087a9c      0x488 c:/program files (x86)/cypress/psoc creator/4.4/psoc creator/import/gnu/arm/5.4.1/bin/../lib/gcc/arm-none-eabi/5.4.1/../../../../arm-none-eabi/lib/armv7e-m/softfp\libg_nano.a(lib_a-nano-vfprintf_float.o)
                0x10087a9c                _printf_float
 .text._printf_common
                0x10087f24       0xec c:/program files (x86)/cypress/psoc creator/4.4/psoc creator/import/gnu/arm/5.4.1/bin/../lib/gcc/arm-none-eabi/5.4.1/../../../../arm-none-eabi/lib/armv7e-m/softfp\libg_nano.a(lib_a-nano-vfprintf_i.o)
                0x10087f24                _printf_common
 .text._printf_i
                0x10088010      0x24c c:/program files (x86)/cypress/psoc creator/4.4/psoc creator/import/gnu/arm/5.4.1/bin/../lib/gcc/arm-none-eabi/5.4.1/../../../../arm-none-eabi/lib/armv7e-m/softfp\libg_nano.a(lib_a-nano-vfprintf_i.o)
                0x10088010                _printf_i
 .text.printf   0x1008825c       0x30 c:/program files (x86)/cypress/psoc creator/4.4/psoc creator/import/gnu/arm/5.4.1/bin/../lib/gcc/arm-none-eabi/5.4.1/../../../../arm-none-eabi/lib/armv7e-m/softfp\libg_nano.a(lib_a-printf.o)
                0x1008825c                iprintf
                0x1008825c                printf
 .text          0x1008828c       0x10 c:/program files (x86)/cypress/psoc creator/4.4/psoc creator/import/gnu/arm/5.4.1/bin/../lib/gcc/arm-none-eabi/5.4.1/../../../../arm-none-eabi/lib/armv7e-m/softfp\libg_nano.a(lib_a-strlen.o)
                0x1008828c                strlen
 .text.strncpy  0x1008829c       0x26 c:/program files (x86)/cypress/psoc creator/4.4/psoc creator/import/gnu/arm/5.4.1/bin/../lib/gcc/arm-none-eabi/5.4.1/../../../../arm-none-eabi/lib/armv7e-m/softfp\libg_nano.a(lib_a-strncpy.o)
                0x1008829c                strncpy
 .text.quorem   0x100882c2      0x11e c:/program files (x86)/cypress/psoc creator/4.4/psoc creator/import/gnu/arm/5.4.1/bin/../lib/gcc/arm-none-eabi/5.4.1/../../../../arm-none-eabi/lib/armv7e-m/softfp\libg_nano.a(lib_a-dtoa.o)
 .text._dtoa_r  0x100883e0      0xb38 c:/program files (x86)/cypress/psoc creator/4.4/psoc creator/import/gnu/arm/5.4.1/bin/../lib/gcc/arm-none-eabi/5.4.1/../../../../arm-none-eabi/lib/armv7e-m/softfp\libg_nano.a(lib_a-dtoa.o)
                0x100883e0                _dtoa_r
 .text._cleanup_r
                0x10088f18        0xc c:/program files (x86)/cypress/psoc creator/4.4/psoc creator/import/gnu/arm/5.4.1/bin/../lib/gcc/arm-none-eabi/5.4.1/../../../../arm-none-eabi/lib/armv7e-m/softfp\libg_nano.a(lib_a-findfp.o)
                0x10088f18                _cleanup_r
 .text.std.isra.0
                0x10088f24       0x48 c:/program files (x86)/cypress/psoc creator/4.4/psoc creator/import/gnu/arm/5.4.1/bin/../lib/gcc/arm-none-eabi/5.4.1/../../../../arm-none-eabi/lib/armv7e-m/softfp\libg_nano.a(lib_a-findfp.o)
 .text.__sfmoreglue
                0x10088f6c       0x2c c:/program files (x86)/cypress/psoc creator/4.4/psoc creator/import/gnu/arm/5.4.1/bin/../lib/gcc/arm-none-eabi/5.4.1/../../../../arm-none-eabi/lib/armv7e-m/softfp\libg_nano.a(lib_a-findfp.o)
                0x10088f6c                __sfmoreglue
 .text.__sinit  0x10088f98       0x60 c:/program files (x86)/cypress/psoc creator/4.4/psoc creator/import/gnu/arm/5.4.1/bin/../lib/gcc/arm-none-eabi/5.4.1/../../../../arm-none-eabi/lib/armv7e-m/softfp\libg_nano.a(lib_a-findfp.o)
                0x10088f98                __sinit
 .text.__sfp    0x10088ff8       0x78 c:/program files (x86)/cypress/psoc creator/4.4/psoc creator/import/gnu/arm/5.4.1/bin/../lib/gcc/arm-none-eabi/5.4.1/../../../../arm-none-eabi/lib/armv7e-m/softfp\libg_nano.a(lib_a-findfp.o)
                0x10088ff8                __sfp
 .text._fwalk_reent
                0x10089070       0x3c c:/program files (x86)/cypress/psoc creator/4.4/psoc creator/import/gnu/arm/5.4.1/bin/../lib/gcc/arm-none-eabi/5.4.1/../../../../arm-none-eabi/lib/armv7e-m/softfp\libg_nano.a(lib_a-fwalk.o)
                0x10089070                _fwalk_reent
 .text._localeconv_r
                0x100890ac        0x8 c:/program files (x86)/cypress/psoc creator/4.4/psoc creator/import/gnu/arm/5.4.1/bin/../lib/gcc/arm-none-eabi/5.4.1/../../../../arm-none-eabi/lib/armv7e-m/softfp\libg_nano.a(lib_a-locale.o)
                0x100890ac                _localeconv_r
 .text.malloc   0x100890b4       0x10 c:/program files (x86)/cypress/psoc creator/4.4/psoc creator/import/gnu/arm/5.4.1/bin/../lib/gcc/arm-none-eabi/5.4.1/../../../../arm-none-eabi/lib/armv7e-m/softfp\libg_nano.a(lib_a-malloc.o)
                0x100890b4                malloc
 *fill*         0x100890c4        0xc 
 .text          0x100890d0       0xa0 c:/program files (x86)/cypress/psoc creator/4.4/psoc creator/import/gnu/arm/5.4.1/bin/../lib/gcc/arm-none-eabi/5.4.1/../../../../arm-none-eabi/lib/armv7e-m/softfp\libg_nano.a(lib_a-memchr.o)
                0x100890d0                memchr
 .text._Balloc  0x10089170       0x6a c:/program files (x86)/cypress/psoc creator/4.4/psoc creator/import/gnu/arm/5.4.1/bin/../lib/gcc/arm-none-eabi/5.4.1/../../../../arm-none-eabi/lib/armv7e-m/softfp\libg_nano.a(lib_a-mprec.o)
                0x10089170                _Balloc
 .text._Bfree   0x100891da       0x2e c:/program files (x86)/cypress/psoc creator/4.4/psoc creator/import/gnu/arm/5.4.1/bin/../lib/gcc/arm-none-eabi/5.4.1/../../../../arm-none-eabi/lib/armv7e-m/softfp\libg_nano.a(lib_a-mprec.o)
                0x100891da                _Bfree
 .text.__multadd
                0x10089208       0x76 c:/program files (x86)/cypress/psoc creator/4.4/psoc creator/import/gnu/arm/5.4.1/bin/../lib/gcc/arm-none-eabi/5.4.1/../../../../arm-none-eabi/lib/armv7e-m/softfp\libg_nano.a(lib_a-mprec.o)
                0x10089208                __multadd
 .text.__hi0bits
                0x1008927e       0x40 c:/program files (x86)/cypress/psoc creator/4.4/psoc creator/import/gnu/arm/5.4.1/bin/../lib/gcc/arm-none-eabi/5.4.1/../../../../arm-none-eabi/lib/armv7e-m/softfp\libg_nano.a(lib_a-mprec.o)
                0x1008927e                __hi0bits
 .text.__lo0bits
                0x100892be       0x5a c:/program files (x86)/cypress/psoc creator/4.4/psoc creator/import/gnu/arm/5.4.1/bin/../lib/gcc/arm-none-eabi/5.4.1/../../../../arm-none-eabi/lib/armv7e-m/softfp\libg_nano.a(lib_a-mprec.o)
                0x100892be                __lo0bits
 .text.__i2b    0x10089318       0x12 c:/program files (x86)/cypress/psoc creator/4.4/psoc creator/import/gnu/arm/5.4.1/bin/../lib/gcc/arm-none-eabi/5.4.1/../../../../arm-none-eabi/lib/armv7e-m/softfp\libg_nano.a(lib_a-mprec.o)
                0x10089318                __i2b
 .text.__multiply
                0x1008932a      0x122 c:/program files (x86)/cypress/psoc creator/4.4/psoc creator/import/gnu/arm/5.4.1/bin/../lib/gcc/arm-none-eabi/5.4.1/../../../../arm-none-eabi/lib/armv7e-m/softfp\libg_nano.a(lib_a-mprec.o)
                0x1008932a                __multiply
 .text.__pow5mult
                0x1008944c       0x9c c:/program files (x86)/cypress/psoc creator/4.4/psoc creator/import/gnu/arm/5.4.1/bin/../lib/gcc/arm-none-eabi/5.4.1/../../../../arm-none-eabi/lib/armv7e-m/softfp\libg_nano.a(lib_a-mprec.o)
                0x1008944c                __pow5mult
 .text.__lshift
                0x100894e8       0xa2 c:/program files (x86)/cypress/psoc creator/4.4/psoc creator/import/gnu/arm/5.4.1/bin/../lib/gcc/arm-none-eabi/5.4.1/../../../../arm-none-eabi/lib/armv7e-m/softfp\libg_nano.a(lib_a-mprec.o)
                0x100894e8                __lshift
 .text.__mcmp   0x1008958a       0x38 c:/program files (x86)/cypress/psoc creator/4.4/psoc creator/import/gnu/arm/5.4.1/bin/../lib/gcc/arm-none-eabi/5.4.1/../../../../arm-none-eabi/lib/armv7e-m/softfp\libg_nano.a(lib_a-mprec.o)
                0x1008958a                __mcmp
 .text.__mdiff  0x100895c2       0xbe c:/program files (x86)/cypress/psoc creator/4.4/psoc creator/import/gnu/arm/5.4.1/bin/../lib/gcc/arm-none-eabi/5.4.1/../../../../arm-none-eabi/lib/armv7e-m/softfp\libg_nano.a(lib_a-mprec.o)
                0x100895c2                __mdiff
 .text.__d2b    0x10089680       0x9c c:/program files (x86)/cypress/psoc creator/4.4/psoc creator/import/gnu/arm/5.4.1/bin/../lib/gcc/arm-none-eabi/5.4.1/../../../../arm-none-eabi/lib/armv7e-m/softfp\libg_nano.a(lib_a-mprec.o)
                0x10089680                __d2b
 .text._calloc_r
                0x1008971c       0x1c c:/program files (x86)/cypress/psoc creator/4.4/psoc creator/import/gnu/arm/5.4.1/bin/../lib/gcc/arm-none-eabi/5.4.1/../../../../arm-none-eabi/lib/armv7e-m/softfp\libg_nano.a(lib_a-nano-callocr.o)
                0x1008971c                _calloc_r
 .text._free_r  0x10089738       0x9c c:/program files (x86)/cypress/psoc creator/4.4/psoc creator/import/gnu/arm/5.4.1/bin/../lib/gcc/arm-none-eabi/5.4.1/../../../../arm-none-eabi/lib/armv7e-m/softfp\libg_nano.a(lib_a-nano-freer.o)
                0x10089738                _free_r
 .text._malloc_r
                0x100897d4       0xbc c:/program files (x86)/cypress/psoc creator/4.4/psoc creator/import/gnu/arm/5.4.1/bin/../lib/gcc/arm-none-eabi/5.4.1/../../../../arm-none-eabi/lib/armv7e-m/softfp\libg_nano.a(lib_a-nano-mallocr.o)
                0x100897d4                _malloc_r
 .text.__sfputc_r
                0x10089890       0x30 c:/program files (x86)/cypress/psoc creator/4.4/psoc creator/import/gnu/arm/5.4.1/bin/../lib/gcc/arm-none-eabi/5.4.1/../../../../arm-none-eabi/lib/armv7e-m/softfp\libg_nano.a(lib_a-nano-vfprintf.o)
 .text.__sfputs_r
                0x100898c0       0x24 c:/program files (x86)/cypress/psoc creator/4.4/psoc creator/import/gnu/arm/5.4.1/bin/../lib/gcc/arm-none-eabi/5.4.1/../../../../arm-none-eabi/lib/armv7e-m/softfp\libg_nano.a(lib_a-nano-vfprintf.o)
                0x100898c0                __sfputs_r
 .text._vfprintf_r
                0x100898e4      0x238 c:/program files (x86)/cypress/psoc creator/4.4/psoc creator/import/gnu/arm/5.4.1/bin/../lib/gcc/arm-none-eabi/5.4.1/../../../../arm-none-eabi/lib/armv7e-m/softfp\libg_nano.a(lib_a-nano-vfprintf.o)
                0x100898e4                _vfprintf_r
                0x100898e4                _vfiprintf_r
 .text._sbrk_r  0x10089b1c       0x20 c:/program files (x86)/cypress/psoc creator/4.4/psoc creator/import/gnu/arm/5.4.1/bin/../lib/gcc/arm-none-eabi/5.4.1/../../../../arm-none-eabi/lib/armv7e-m/softfp\libg_nano.a(lib_a-sbrkr.o)
                0x10089b1c                _sbrk_r
 .text.__sread  0x10089b3c       0x22 c:/program files (x86)/cypress/psoc creator/4.4/psoc creator/import/gnu/arm/5.4.1/bin/../lib/gcc/arm-none-eabi/5.4.1/../../../../arm-none-eabi/lib/armv7e-m/softfp\libg_nano.a(lib_a-stdio.o)
                0x10089b3c                __sread
 .text.__swrite
                0x10089b5e       0x38 c:/program files (x86)/cypress/psoc creator/4.4/psoc creator/import/gnu/arm/5.4.1/bin/../lib/gcc/arm-none-eabi/5.4.1/../../../../arm-none-eabi/lib/armv7e-m/softfp\libg_nano.a(lib_a-stdio.o)
                0x10089b5e                __swrite
 .text.__sseek  0x10089b96       0x24 c:/program files (x86)/cypress/psoc creator/4.4/psoc creator/import/gnu/arm/5.4.1/bin/../lib/gcc/arm-none-eabi/5.4.1/../../../../arm-none-eabi/lib/armv7e-m/softfp\libg_nano.a(lib_a-stdio.o)
                0x10089b96                __sseek
 .text.__sclose
                0x10089bba        0x8 c:/program files (x86)/cypress/psoc creator/4.4/psoc creator/import/gnu/arm/5.4.1/bin/../lib/gcc/arm-none-eabi/5.4.1/../../../../arm-none-eabi/lib/armv7e-m/softfp\libg_nano.a(lib_a-stdio.o)
                0x10089bba                __sclose
 *fill*         0x10089bc2        0x2 
 .text.__swbuf_r
                0x10089bc4       0xa8 c:/program files (x86)/cypress/psoc creator/4.4/psoc creator/import/gnu/arm/5.4.1/bin/../lib/gcc/arm-none-eabi/5.4.1/../../../../arm-none-eabi/lib/armv7e-m/softfp\libg_nano.a(lib_a-wbuf.o)
                0x10089bc4                __swbuf_r
 .text._write_r
                0x10089c6c       0x24 c:/program files (x86)/cypress/psoc creator/4.4/psoc creator/import/gnu/arm/5.4.1/bin/../lib/gcc/arm-none-eabi/5.4.1/../../../../arm-none-eabi/lib/armv7e-m/softfp\libg_nano.a(lib_a-writer.o)
                0x10089c6c                _write_r
 .text.__swsetup_r
                0x10089c90       0xdc c:/program files (x86)/cypress/psoc creator/4.4/psoc creator/import/gnu/arm/5.4.1/bin/../lib/gcc/arm-none-eabi/5.4.1/../../../../arm-none-eabi/lib/armv7e-m/softfp\libg_nano.a(lib_a-wsetup.o)
                0x10089c90                __swsetup_r
 .text._close_r
                0x10089d6c       0x20 c:/program files (x86)/cypress/psoc creator/4.4/psoc creator/import/gnu/arm/5.4.1/bin/../lib/gcc/arm-none-eabi/5.4.1/../../../../arm-none-eabi/lib/armv7e-m/softfp\libg_nano.a(lib_a-closer.o)
                0x10089d6c                _close_r
 .text.__sflush_r
                0x10089d8c      0x110 c:/program files (x86)/cypress/psoc creator/4.4/psoc creator/import/gnu/arm/5.4.1/bin/../lib/gcc/arm-none-eabi/5.4.1/../../../../arm-none-eabi/lib/armv7e-m/softfp\libg_nano.a(lib_a-fflush.o)
                0x10089d8c                __sflush_r
 .text._fflush_r
                0x10089e9c       0x54 c:/program files (x86)/cypress/psoc creator/4.4/psoc creator/import/gnu/arm/5.4.1/bin/../lib/gcc/arm-none-eabi/5.4.1/../../../../arm-none-eabi/lib/armv7e-m/softfp\libg_nano.a(lib_a-fflush.o)
                0x10089e9c                _fflush_r
 .text._lseek_r
                0x10089ef0       0x24 c:/program files (x86)/cypress/psoc creator/4.4/psoc creator/import/gnu/arm/5.4.1/bin/../lib/gcc/arm-none-eabi/5.4.1/../../../../arm-none-eabi/lib/armv7e-m/softfp\libg_nano.a(lib_a-lseekr.o)
                0x10089ef0                _lseek_r
 .text.__swhatbuf_r
                0x10089f14       0x46 c:/program files (x86)/cypress/psoc creator/4.4/psoc creator/import/gnu/arm/5.4.1/bin/../lib/gcc/arm-none-eabi/5.4.1/../../../../arm-none-eabi/lib/armv7e-m/softfp\libg_nano.a(lib_a-makebuf.o)
                0x10089f14                __swhatbuf_r
 *fill*         0x10089f5a        0x2 
 .text.__smakebuf_r
                0x10089f5c       0x78 c:/program files (x86)/cypress/psoc creator/4.4/psoc creator/import/gnu/arm/5.4.1/bin/../lib/gcc/arm-none-eabi/5.4.1/../../../../arm-none-eabi/lib/armv7e-m/softfp\libg_nano.a(lib_a-makebuf.o)
                0x10089f5c                __smakebuf_r
 .text.__malloc_lock
                0x10089fd4        0x2 c:/program files (x86)/cypress/psoc creator/4.4/psoc creator/import/gnu/arm/5.4.1/bin/../lib/gcc/arm-none-eabi/5.4.1/../../../../arm-none-eabi/lib/armv7e-m/softfp\libg_nano.a(lib_a-mlock.o)
                0x10089fd4                __malloc_lock
 .text.__malloc_unlock
                0x10089fd6        0x2 c:/program files (x86)/cypress/psoc creator/4.4/psoc creator/import/gnu/arm/5.4.1/bin/../lib/gcc/arm-none-eabi/5.4.1/../../../../arm-none-eabi/lib/armv7e-m/softfp\libg_nano.a(lib_a-mlock.o)
                0x10089fd6                __malloc_unlock
 .text._read_r  0x10089fd8       0x24 c:/program files (x86)/cypress/psoc creator/4.4/psoc creator/import/gnu/arm/5.4.1/bin/../lib/gcc/arm-none-eabi/5.4.1/../../../../arm-none-eabi/lib/armv7e-m/softfp\libg_nano.a(lib_a-readr.o)
                0x10089fd8                _read_r
 .text._fstat_r
                0x10089ffc       0x24 c:/program files (x86)/cypress/psoc creator/4.4/psoc creator/import/gnu/arm/5.4.1/bin/../lib/gcc/arm-none-eabi/5.4.1/../../../../arm-none-eabi/lib/armv7e-m/softfp\libg_nano.a(lib_a-fstatr.o)
                0x10089ffc                _fstat_r
 .text._isatty_r
                0x1008a020       0x20 c:/program files (x86)/cypress/psoc creator/4.4/psoc creator/import/gnu/arm/5.4.1/bin/../lib/gcc/arm-none-eabi/5.4.1/../../../../arm-none-eabi/lib/armv7e-m/softfp\libg_nano.a(lib_a-isattyr.o)
                0x1008a020                _isatty_r
 .text          0x1008a040      0x110 c:/program files (x86)/cypress/psoc creator/4.4/psoc creator/import/gnu/arm/5.4.1/bin/../lib/gcc/arm-none-eabi/5.4.1/armv7e-m/softfp\libgcc.a(_arm_cmpdf2.o)
                0x1008a040                __gtdf2
                0x1008a040                __gedf2
                0x1008a048                __ltdf2
                0x1008a048                __ledf2
                0x1008a050                __nedf2
                0x1008a050                __eqdf2
                0x1008a050                __cmpdf2
                0x1008a0cc                __aeabi_cdrcmple
                0x1008a0dc                __aeabi_cdcmpeq
                0x1008a0dc                __aeabi_cdcmple
                0x1008a0ec                __aeabi_dcmpeq
                0x1008a100                __aeabi_dcmplt
                0x1008a114                __aeabi_dcmple
                0x1008a128                __aeabi_dcmpge
                0x1008a13c                __aeabi_dcmpgt
 .text          0x1008a150       0x2c c:/program files (x86)/cypress/psoc creator/4.4/psoc creator/import/gnu/arm/5.4.1/bin/../lib/gcc/arm-none-eabi/5.4.1/armv7e-m/softfp\libgcc.a(_arm_unorddf2.o)
                0x1008a150                __unorddf2
                0x1008a150                __aeabi_dcmpun
 .text          0x1008a17c       0x50 c:/program files (x86)/cypress/psoc creator/4.4/psoc creator/import/gnu/arm/5.4.1/bin/../lib/gcc/arm-none-eabi/5.4.1/armv7e-m/softfp\libgcc.a(_arm_fixdfsi.o)
                0x1008a17c                __aeabi_d2iz
                0x1008a17c                __fixdfsi
 .text._close   0x1008a1cc       0x10 c:/program files (x86)/cypress/psoc creator/4.4/psoc creator/import/gnu/arm/5.4.1/bin/../lib/gcc/arm-none-eabi/5.4.1/../../../../arm-none-eabi/lib/armv7e-m/softfp\libnosys.a(close.o)
                0x1008a1cc                _close
 .text._fstat   0x1008a1dc       0x10 c:/program files (x86)/cypress/psoc creator/4.4/psoc creator/import/gnu/arm/5.4.1/bin/../lib/gcc/arm-none-eabi/5.4.1/../../../../arm-none-eabi/lib/armv7e-m/softfp\libnosys.a(fstat.o)
                0x1008a1dc                _fstat
 .text._isatty  0x1008a1ec       0x10 c:/program files (x86)/cypress/psoc creator/4.4/psoc creator/import/gnu/arm/5.4.1/bin/../lib/gcc/arm-none-eabi/5.4.1/../../../../arm-none-eabi/lib/armv7e-m/softfp\libnosys.a(isatty.o)
                0x1008a1ec                _isatty
 .text._lseek   0x1008a1fc       0x10 c:/program files (x86)/cypress/psoc creator/4.4/psoc creator/import/gnu/arm/5.4.1/bin/../lib/gcc/arm-none-eabi/5.4.1/../../../../arm-none-eabi/lib/armv7e-m/softfp\libnosys.a(lseek.o)
                0x1008a1fc                _lseek
 .text._sbrk    0x1008a20c       0x1c c:/program files (x86)/cypress/psoc creator/4.4/psoc creator/import/gnu/arm/5.4.1/bin/../lib/gcc/arm-none-eabi/5.4.1/../../../../arm-none-eabi/lib/armv7e-m/softfp\libnosys.a(sbrk.o)
                0x1008a20c                _sbrk
 *(.init)
 .init          0x1008a228        0x4 c:/program files (x86)/cypress/psoc creator/4.4/psoc creator/import/gnu/arm/5.4.1/bin/../lib/gcc/arm-none-eabi/5.4.1/armv7e-m/softfp/crti.o
                0x1008a228                _init
 .init          0x1008a22c        0x8 c:/program files (x86)/cypress/psoc creator/4.4/psoc creator/import/gnu/arm/5.4.1/bin/../lib/gcc/arm-none-eabi/5.4.1/armv7e-m/softfp/crtn.o
 *(.fini)
 .fini          0x1008a234        0x4 c:/program files (x86)/cypress/psoc creator/4.4/psoc creator/import/gnu/arm/5.4.1/bin/../lib/gcc/arm-none-eabi/5.4.1/armv7e-m/softfp/crti.o
                0x1008a234                _fini
 .fini          0x1008a238        0x8 c:/program files (x86)/cypress/psoc creator/4.4/psoc creator/import/gnu/arm/5.4.1/bin/../lib/gcc/arm-none-eabi/5.4.1/armv7e-m/softfp/crtn.o
 *crtbegin.o(.ctors)
 *crtbegin?.o(.ctors)
 *(EXCLUDE_FILE(*crtend.o *crtend?.o) .ctors)
 *(SORT(.ctors.*))
 *(.ctors)
 *crtbegin.o(.dtors)
 *crtbegin?.o(.dtors)
 *(EXCLUDE_FILE(*crtend.o *crtend?.o) .dtors)
 *(SORT(.dtors.*))
 *(.dtors)
 *(.rodata .rodata.* .constdata .constdata.* .conststring .conststring.*)
 .rodata.str1.4
                0x1008a240       0x30 .\CortexM4\ARM_GCC_541\Debug\main_cm4.o
 .rodata        0x1008a270       0x34 .\CortexM4\ARM_GCC_541\Debug\system_psoc6_cm4.o
 .rodata        0x1008a2a4       0x18 .\CortexM4\ARM_GCC_541\Debug\cyfitter_sysint_cfg.o
                0x1008a2a4                CapSense_ISR_cfg
                0x1008a2ac                UART_1_SCB_IRQ_cfg
                0x1008a2b4                I2C_SCB_IRQ_cfg
 .rodata        0x1008a2bc       0x40 .\CortexM4\ARM_GCC_541\Debug\UART_1.o
                0x1008a2bc                UART_1_config
 .rodata.str1.4
                0x1008a2fc       0x3f .\CortexM4\ARM_GCC_541\Debug\cy_flash.o
 *fill*         0x1008a33b        0x1 
 .rodata.str1.4
                0x1008a33c       0x7d .\CortexM4\ARM_GCC_541\Debug\cy_gpio.o
 *fill*         0x1008a3b9        0x3 
 .rodata.str1.4
                0x1008a3bc       0x7f .\CortexM4\ARM_GCC_541\Debug\cy_ipc_drv.o
 .rodata.str1.4
                0x1008a43b       0x3f .\CortexM4\ARM_GCC_541\Debug\cy_ipc_sema.o
 *fill*         0x1008a43b        0x1 
 .rodata.str1.4
                0x1008a43c       0x40 .\CortexM4\ARM_GCC_541\Debug\cy_ipc_pipe.o
                                 0x7f (size before relaxing)
 .rodata.str1.4
                0x1008a47c       0xc3 .\CortexM4\ARM_GCC_541\Debug\cy_scb_i2c.o
 *fill*         0x1008a53f        0x1 
 .rodata.str1.4
                0x1008a540       0x80 .\CortexM4\ARM_GCC_541\Debug\cy_scb_uart.o
                                 0xc4 (size before relaxing)
 .rodata.str1.4
                0x1008a5c0       0x41 .\CortexM4\ARM_GCC_541\Debug\cy_sysint.o
 *fill*         0x1008a601        0x3 
 .rodata        0x1008a604      0x170 .\CortexM4\ARM_GCC_541\Debug\cy_device.o
                0x1008a604                cy_deviceIpBlockCfgPSoC6_02
                0x1008a6bc                cy_deviceIpBlockCfgPSoC6_01
 .rodata.str1.4
                0x1008a774        0x5 .\CortexM4\ARM_GCC_541\Debug\tasks.o
 *fill*         0x1008a779        0x3 
 .rodata.str1.4
                0x1008a77c       0x10 .\CortexM4\ARM_GCC_541\Debug\timers.o
 .rodata.str1.4
                0x1008a78c       0x50 .\CortexM4\ARM_GCC_541\Debug\port.o
 .rodata        0x1008a7dc       0x14 .\CortexM4\ARM_GCC_541\Debug\I2C.o
                0x1008a7dc                I2C_config
 .rodata.str1.4
                0x1008a7f0       0x2a .\CortexM4\ARM_GCC_541\Debug\CapSense_Control.o
 *fill*         0x1008a81a        0x2 
 .rodata.str1.4
                0x1008a81c       0x2d .\CortexM4\ARM_GCC_541\Debug\CapSense_Processing.o
 *fill*         0x1008a849        0x3 
 .rodata        0x1008a84c      0x10c .\CortexM4\ARM_GCC_541\Debug\CapSense_Structure.o
                0x1008a84c                CapSense_ramIdacInit
                0x1008a854                CapSense_dsFlash
                0x1008a8d8                CapSense_ramWidgetInit
                0x1008a910                CapSense_ioList
 .rodata        0x1008a958        0x1 .\CortexM4\ARM_GCC_541\Debug\CapSense_Sensing.o
                0x1008a958                CapSense_scanFreqIndex
 *fill*         0x1008a959        0x3 
 .rodata.str1.4
                0x1008a95c       0x6c .\CortexM4\ARM_GCC_541\Debug\CapSense_Sensing.o
                                 0x6a (size before relaxing)
 .rodata.str1.4
                0x1008a9c8       0x3d .\CortexM4\ARM_GCC_541\Debug\CapSense_SensingCSD_LL.o
 .rodata.str1.4
                0x1008a9c8       0x3d .\CortexM4\ARM_GCC_541\Debug\CapSense_SensingCSX_LL.o
 .rodata.str1.1
                0x1008a9c8        0x2 c:/program files (x86)/cypress/psoc creator/4.4/psoc creator/import/gnu/arm/5.4.1/bin/../lib/gcc/arm-none-eabi/5.4.1/../../../../arm-none-eabi/lib/armv7e-m/softfp\libg_nano.a(lib_a-impure.o)
 *fill*         0x1008a9ca        0x2 
 .rodata._global_impure_ptr
                0x1008a9cc        0x4 c:/program files (x86)/cypress/psoc creator/4.4/psoc creator/import/gnu/arm/5.4.1/bin/../lib/gcc/arm-none-eabi/5.4.1/../../../../arm-none-eabi/lib/armv7e-m/softfp\libg_nano.a(lib_a-impure.o)
                0x1008a9cc                _global_impure_ptr
 .rodata.str1.1
                0x1008a9d0       0x12 c:/program files (x86)/cypress/psoc creator/4.4/psoc creator/import/gnu/arm/5.4.1/bin/../lib/gcc/arm-none-eabi/5.4.1/../../../../arm-none-eabi/lib/armv7e-m/softfp\libg_nano.a(lib_a-nano-vfprintf_float.o)
 .rodata.str1.1
                0x1008a9e2       0x22 c:/program files (x86)/cypress/psoc creator/4.4/psoc creator/import/gnu/arm/5.4.1/bin/../lib/gcc/arm-none-eabi/5.4.1/../../../../arm-none-eabi/lib/armv7e-m/softfp\libg_nano.a(lib_a-nano-vfprintf_i.o)
 .rodata.str1.1
                0x1008aa04        0xd c:/program files (x86)/cypress/psoc creator/4.4/psoc creator/import/gnu/arm/5.4.1/bin/../lib/gcc/arm-none-eabi/5.4.1/../../../../arm-none-eabi/lib/armv7e-m/softfp\libg_nano.a(lib_a-dtoa.o)
                                  0xf (size before relaxing)
 *fill*         0x1008aa11        0x3 
 .rodata.__sf_fake_stdin
                0x1008aa14       0x20 c:/program files (x86)/cypress/psoc creator/4.4/psoc creator/import/gnu/arm/5.4.1/bin/../lib/gcc/arm-none-eabi/5.4.1/../../../../arm-none-eabi/lib/armv7e-m/softfp\libg_nano.a(lib_a-findfp.o)
                0x1008aa14                __sf_fake_stdin
 .rodata.__sf_fake_stdout
                0x1008aa34       0x20 c:/program files (x86)/cypress/psoc creator/4.4/psoc creator/import/gnu/arm/5.4.1/bin/../lib/gcc/arm-none-eabi/5.4.1/../../../../arm-none-eabi/lib/armv7e-m/softfp\libg_nano.a(lib_a-findfp.o)
                0x1008aa34                __sf_fake_stdout
 .rodata.__sf_fake_stderr
                0x1008aa54       0x20 c:/program files (x86)/cypress/psoc creator/4.4/psoc creator/import/gnu/arm/5.4.1/bin/../lib/gcc/arm-none-eabi/5.4.1/../../../../arm-none-eabi/lib/armv7e-m/softfp\libg_nano.a(lib_a-findfp.o)
                0x1008aa54                __sf_fake_stderr
 .rodata.str1.1
                0x1008aa74        0x8 c:/program files (x86)/cypress/psoc creator/4.4/psoc creator/import/gnu/arm/5.4.1/bin/../lib/gcc/arm-none-eabi/5.4.1/../../../../arm-none-eabi/lib/armv7e-m/softfp\libg_nano.a(lib_a-locale.o)
                                  0xb (size before relaxing)
 .rodata.p05.5410
                0x1008aa7c        0xc c:/program files (x86)/cypress/psoc creator/4.4/psoc creator/import/gnu/arm/5.4.1/bin/../lib/gcc/arm-none-eabi/5.4.1/../../../../arm-none-eabi/lib/armv7e-m/softfp\libg_nano.a(lib_a-mprec.o)
 .rodata.__mprec_bigtens
                0x1008aa88       0x28 c:/program files (x86)/cypress/psoc creator/4.4/psoc creator/import/gnu/arm/5.4.1/bin/../lib/gcc/arm-none-eabi/5.4.1/../../../../arm-none-eabi/lib/armv7e-m/softfp\libg_nano.a(lib_a-mprec.o)
                0x1008aa88                __mprec_bigtens
 .rodata.__mprec_tens
                0x1008aab0       0xc8 c:/program files (x86)/cypress/psoc creator/4.4/psoc creator/import/gnu/arm/5.4.1/bin/../lib/gcc/arm-none-eabi/5.4.1/../../../../arm-none-eabi/lib/armv7e-m/softfp\libg_nano.a(lib_a-mprec.o)
                0x1008aab0                __mprec_tens
 .rodata.str1.1
                0x1008ab78       0x11 c:/program files (x86)/cypress/psoc creator/4.4/psoc creator/import/gnu/arm/5.4.1/bin/../lib/gcc/arm-none-eabi/5.4.1/../../../../arm-none-eabi/lib/armv7e-m/softfp\libg_nano.a(lib_a-nano-vfprintf.o)
 *(.eh_frame*)
 *fill*         0x1008ab89        0x3 
 .eh_frame      0x1008ab8c        0x0 c:/program files (x86)/cypress/psoc creator/4.4/psoc creator/import/gnu/arm/5.4.1/bin/../lib/gcc/arm-none-eabi/5.4.1/armv7e-m/softfp/crtbegin.o
 .eh_frame      0x1008ab8c        0x4 c:/program files (x86)/cypress/psoc creator/4.4/psoc creator/import/gnu/arm/5.4.1/bin/../lib/gcc/arm-none-eabi/5.4.1/armv7e-m/softfp/crtend.o

.glue_7         0x1008ab90        0x0
 .glue_7        0x1008ab90        0x0 linker stubs

.glue_7t        0x1008ab90        0x0
 .glue_7t       0x1008ab90        0x0 linker stubs

.vfp11_veneer   0x1008ab90        0x0
 .vfp11_veneer  0x1008ab90        0x0 linker stubs

.v4_bx          0x1008ab90        0x0
 .v4_bx         0x1008ab90        0x0 linker stubs

.iplt           0x1008ab90        0x0
 .iplt          0x1008ab90        0x0 c:/program files (x86)/cypress/psoc creator/4.4/psoc creator/import/gnu/arm/5.4.1/bin/../lib/gcc/arm-none-eabi/5.4.1/armv7e-m/softfp/crtbegin.o

.ARM.extab
 *(.ARM.extab* .gnu.linkonce.armextab.*)
                0x1008ab90                __exidx_start = .

.ARM.exidx
 *(.ARM.exidx* .gnu.linkonce.armexidx.*)
                0x1008ab90                __exidx_end = .

.copy.table     0x1008ab90       0x18